Dec 14 14:12:00 icesc11 kernel: imklog 5.8.11, log source = /proc/kmsg started.
Dec 14 14:12:00 icesc11 rsyslogd: [origin software="rsyslogd" swVersion="5.8.11" x-pid="2037" x-info="http://www.rsyslog.com"] start
Dec 14 14:12:00 icesc11 kernel: [    0.000000] Initializing cgroup subsys cpuset
Dec 14 14:12:00 icesc11 kernel: [    0.000000] Initializing cgroup subsys cpu
Dec 14 14:12:00 icesc11 kernel: [    0.000000] Linux version 3.2.0-4-amd64 (debian-kernel@lists.debian.org) (gcc version 4.6.3 (Debian 4.6.3-14) ) #1 SMP Debian 3.2.46-1+deb7u1
Dec 14 14:12:00 icesc11 kernel: [    0.000000] Command line: BOOT_IMAGE=/boot/vmlinuz-3.2.0-4-amd64 root=UUID=43b1eb9d-bbd6-43ac-8989-b9847a423245 ro quiet fsprotect
Dec 14 14:12:00 icesc11 kernel: [    0.000000] BIOS-provided physical RAM map:
Dec 14 14:12:00 icesc11 kernel: [    0.000000]  BIOS-e820: 0000000000000000 - 000000000009d800 (usable)
Dec 14 14:12:00 icesc11 kernel: [    0.000000]  BIOS-e820: 000000000009d800 - 00000000000a0000 (reserved)
Dec 14 14:12:00 icesc11 kernel: [    0.000000]  BIOS-e820: 00000000000e0000 - 0000000000100000 (reserved)
Dec 14 14:12:00 icesc11 kernel: [    0.000000]  BIOS-e820: 0000000000100000 - 0000000020000000 (usable)
Dec 14 14:12:00 icesc11 kernel: [    0.000000]  BIOS-e820: 0000000020000000 - 0000000020200000 (reserved)
Dec 14 14:12:00 icesc11 kernel: [    0.000000]  BIOS-e820: 0000000020200000 - 0000000040000000 (usable)
Dec 14 14:12:00 icesc11 kernel: [    0.000000]  BIOS-e820: 0000000040000000 - 0000000040200000 (reserved)
Dec 14 14:12:00 icesc11 kernel: [    0.000000]  BIOS-e820: 0000000040200000 - 00000000d9fe5000 (usable)
Dec 14 14:12:00 icesc11 kernel: [    0.000000]  BIOS-e820: 00000000d9fe5000 - 00000000da5d5000 (reserved)
Dec 14 14:12:00 icesc11 kernel: [    0.000000]  BIOS-e820: 00000000da5d5000 - 00000000da855000 (ACPI NVS)
Dec 14 14:12:00 icesc11 kernel: [    0.000000]  BIOS-e820: 00000000da855000 - 00000000da85a000 (ACPI data)
Dec 14 14:12:00 icesc11 kernel: [    0.000000]  BIOS-e820: 00000000da85a000 - 00000000da89d000 (ACPI NVS)
Dec 14 14:12:00 icesc11 kernel: [    0.000000]  BIOS-e820: 00000000da89d000 - 00000000dae27000 (usable)
Dec 14 14:12:00 icesc11 kernel: [    0.000000]  BIOS-e820: 00000000dae27000 - 00000000daff2000 (reserved)
Dec 14 14:12:00 icesc11 kernel: [    0.000000]  BIOS-e820: 00000000daff2000 - 00000000db000000 (usable)
Dec 14 14:12:00 icesc11 kernel: [    0.000000]  BIOS-e820: 00000000db800000 - 00000000dfa00000 (reserved)
Dec 14 14:12:00 icesc11 kernel: [    0.000000]  BIOS-e820: 00000000f8000000 - 00000000fc000000 (reserved)
Dec 14 14:12:00 icesc11 kernel: [    0.000000]  BIOS-e820: 00000000fec00000 - 00000000fec01000 (reserved)
Dec 14 14:12:00 icesc11 kernel: [    0.000000]  BIOS-e820: 00000000fed00000 - 00000000fed04000 (reserved)
Dec 14 14:12:00 icesc11 kernel: [    0.000000]  BIOS-e820: 00000000fed1c000 - 00000000fed20000 (reserved)
Dec 14 14:12:00 icesc11 kernel: [    0.000000]  BIOS-e820: 00000000fee00000 - 00000000fee01000 (reserved)
Dec 14 14:12:00 icesc11 kernel: [    0.000000]  BIOS-e820: 00000000ff000000 - 0000000100000000 (reserved)
Dec 14 14:12:00 icesc11 kernel: [    0.000000]  BIOS-e820: 0000000100000000 - 000000011f600000 (usable)
Dec 14 14:12:00 icesc11 kernel: [    0.000000] NX (Execute Disable) protection: active
Dec 14 14:12:00 icesc11 kernel: [    0.000000] SMBIOS 2.7 present.
Dec 14 14:12:00 icesc11 kernel: [    0.000000] DMI: Shuttle Inc. DS61/FS61, BIOS 1.02 10/01/2012
Dec 14 14:12:00 icesc11 kernel: [    0.000000] e820 update range: 0000000000000000 - 0000000000010000 (usable) ==> (reserved)
Dec 14 14:12:00 icesc11 kernel: [    0.000000] e820 remove range: 00000000000a0000 - 0000000000100000 (usable)
Dec 14 14:12:00 icesc11 kernel: [    0.000000] No AGP bridge found
Dec 14 14:12:00 icesc11 kernel: [    0.000000] last_pfn = 0x11f600 max_arch_pfn = 0x400000000
Dec 14 14:12:00 icesc11 kernel: [    0.000000] MTRR default type: uncachable
Dec 14 14:12:00 icesc11 kernel: [    0.000000] MTRR fixed ranges enabled:
Dec 14 14:12:00 icesc11 kernel: [    0.000000]   00000-9FFFF write-back
Dec 14 14:12:00 icesc11 kernel: [    0.000000]   A0000-BFFFF uncachable
Dec 14 14:12:00 icesc11 kernel: [    0.000000]   C0000-CFFFF write-protect
Dec 14 14:12:00 icesc11 kernel: [    0.000000]   D0000-E7FFF uncachable
Dec 14 14:12:00 icesc11 kernel: [    0.000000]   E8000-FFFFF write-protect
Dec 14 14:12:00 icesc11 kernel: [    0.000000] MTRR variable ranges enabled:
Dec 14 14:12:00 icesc11 kernel: [    0.000000]   0 base 000000000 mask F00000000 write-back
Dec 14 14:12:00 icesc11 kernel: [    0.000000]   1 base 100000000 mask FE0000000 write-back
Dec 14 14:12:00 icesc11 kernel: [    0.000000]   2 base 0E0000000 mask FE0000000 uncachable
Dec 14 14:12:00 icesc11 kernel: [    0.000000]   3 base 0DC000000 mask FFC000000 uncachable
Dec 14 14:12:00 icesc11 kernel: [    0.000000]   4 base 0DB800000 mask FFF800000 uncachable
Dec 14 14:12:00 icesc11 kernel: [    0.000000]   5 base 11F800000 mask FFF800000 uncachable
Dec 14 14:12:00 icesc11 kernel: [    0.000000]   6 base 11F600000 mask FFFE00000 uncachable
Dec 14 14:12:00 icesc11 kernel: [    0.000000]   7 disabled
Dec 14 14:12:00 icesc11 kernel: [    0.000000]   8 disabled
Dec 14 14:12:00 icesc11 kernel: [    0.000000]   9 disabled
Dec 14 14:12:00 icesc11 kernel: [    0.000000] x86 PAT enabled: cpu 0, old 0x7040600070406, new 0x7010600070106
Dec 14 14:12:00 icesc11 kernel: [    0.000000] e820 update range: 00000000db800000 - 0000000100000000 (usable) ==> (reserved)
Dec 14 14:12:00 icesc11 kernel: [    0.000000] last_pfn = 0xdb000 max_arch_pfn = 0x400000000
Dec 14 14:12:00 icesc11 kernel: [    0.000000] found SMP MP-table at [ffff8800000fd750] fd750
Dec 14 14:12:00 icesc11 kernel: [    0.000000] initial memory mapped : 0 - 20000000
Dec 14 14:12:00 icesc11 kernel: [    0.000000] Base memory trampoline at [ffff880000098000] 98000 size 20480
Dec 14 14:12:00 icesc11 kernel: [    0.000000] reserving inaccessible SNB gfx pages
Dec 14 14:12:00 icesc11 kernel: [    0.000000] init_memory_mapping: 0000000000000000-00000000db000000
Dec 14 14:12:00 icesc11 kernel: [    0.000000]  0000000000 - 00db000000 page 2M
Dec 14 14:12:00 icesc11 kernel: [    0.000000] kernel direct mapping tables up to db000000 @ 1fffb000-20000000
Dec 14 14:12:00 icesc11 kernel: [    0.000000] init_memory_mapping: 0000000100000000-000000011f600000
Dec 14 14:12:00 icesc11 kernel: [    0.000000]  0100000000 - 011f600000 page 2M
Dec 14 14:12:00 icesc11 kernel: [    0.000000] kernel direct mapping tables up to 11f600000 @ daffe000-db000000
Dec 14 14:12:00 icesc11 kernel: [    0.000000] RAMDISK: 36c0a000 - 375fd000
Dec 14 14:12:00 icesc11 kernel: [    0.000000] ACPI: RSDP 00000000000f0490 00024 (v02 Shuttl)
Dec 14 14:12:00 icesc11 kernel: [    0.000000] ACPI: XSDT 00000000da837070 00064 (v01 Shuttl Shuttle  01072009 AMI  00010013)
Dec 14 14:12:00 icesc11 kernel: [    0.000000] ACPI: FACP 00000000da841428 000F4 (v04 Shuttl Shuttle  01072009 AMI  00010013)
Dec 14 14:12:00 icesc11 kernel: [    0.000000] ACPI: DSDT 00000000da837170 0A2B7 (v02 DS61D0 DS61D000 00000000 INTL 20051117)
Dec 14 14:12:00 icesc11 kernel: [    0.000000] ACPI: FACS 00000000da853f80 00040
Dec 14 14:12:00 icesc11 kernel: [    0.000000] ACPI: APIC 00000000da841520 00072 (v03 Shuttl Shuttle  01072009 AMI  00010013)
Dec 14 14:12:00 icesc11 kernel: [    0.000000] ACPI: MCFG 00000000da841598 0003C (v01 Shuttl  Shuttle 01072009 MSFT 00000097)
Dec 14 14:12:00 icesc11 kernel: [    0.000000] ACPI: SLIC 00000000da8415d8 00176 (v01 Shuttl Shuttle  01072009 AMI  00010013)
Dec 14 14:12:00 icesc11 kernel: [    0.000000] ACPI: HPET 00000000da841750 00038 (v01 Shuttl  Shuttle 01072009 AMI. 00000005)
Dec 14 14:12:00 icesc11 kernel: [    0.000000] ACPI: SSDT 00000000da841788 0036D (v01 SataRe SataTabl 00001000 INTL 20091112)
Dec 14 14:12:00 icesc11 kernel: [    0.000000] ACPI: SSDT 00000000da841af8 00860 (v01  PmRef  Cpu0Ist 00003000 INTL 20051117)
Dec 14 14:12:00 icesc11 kernel: [    0.000000] ACPI: SSDT 00000000da842358 00A92 (v01  PmRef    CpuPm 00003000 INTL 20051117)
Dec 14 14:12:00 icesc11 kernel: [    0.000000] ACPI: Local APIC address 0xfee00000
Dec 14 14:12:00 icesc11 kernel: [    0.000000] No NUMA configuration found
Dec 14 14:12:00 icesc11 kernel: [    0.000000] Faking a node at 0000000000000000-000000011f600000
Dec 14 14:12:00 icesc11 kernel: [    0.000000] Initmem setup node 0 0000000000000000-000000011f600000
Dec 14 14:12:00 icesc11 kernel: [    0.000000]   NODE_DATA [000000011f5fb000 - 000000011f5fffff]
Dec 14 14:12:00 icesc11 kernel: [    0.000000]  [ffffea0000000000-ffffea0003ffffff] PMD -> [ffff88011ac00000-ffff88011e5fffff] on node 0
Dec 14 14:12:00 icesc11 kernel: [    0.000000] Zone PFN ranges:
Dec 14 14:12:00 icesc11 kernel: [    0.000000]   DMA      0x00000010 -> 0x00001000
Dec 14 14:12:00 icesc11 kernel: [    0.000000]   DMA32    0x00001000 -> 0x00100000
Dec 14 14:12:00 icesc11 kernel: [    0.000000]   Normal   0x00100000 -> 0x0011f600
Dec 14 14:12:00 icesc11 kernel: [    0.000000] Movable zone start PFN for each node
Dec 14 14:12:00 icesc11 kernel: [    0.000000] early_node_map[7] active PFN ranges
Dec 14 14:12:00 icesc11 kernel: [    0.000000]     0: 0x00000010 -> 0x0000009d
Dec 14 14:12:00 icesc11 kernel: [    0.000000]     0: 0x00000100 -> 0x00020000
Dec 14 14:12:00 icesc11 kernel: [    0.000000]     0: 0x00020200 -> 0x00040000
Dec 14 14:12:00 icesc11 kernel: [    0.000000]     0: 0x00040200 -> 0x000d9fe5
Dec 14 14:12:00 icesc11 kernel: [    0.000000]     0: 0x000da89d -> 0x000dae27
Dec 14 14:12:00 icesc11 kernel: [    0.000000]     0: 0x000daff2 -> 0x000db000
Dec 14 14:12:00 icesc11 kernel: [    0.000000]     0: 0x00100000 -> 0x0011f600
Dec 14 14:12:00 icesc11 kernel: [    0.000000] On node 0 totalpages: 1021706
Dec 14 14:12:00 icesc11 kernel: [    0.000000]   DMA zone: 56 pages used for memmap
Dec 14 14:12:00 icesc11 kernel: [    0.000000]   DMA zone: 141 pages reserved
Dec 14 14:12:00 icesc11 kernel: [    0.000000]   DMA zone: 3784 pages, LIFO batch:0
Dec 14 14:12:00 icesc11 kernel: [    0.000000]   DMA32 zone: 14280 pages used for memmap
Dec 14 14:12:00 icesc11 kernel: [    0.000000]   DMA32 zone: 874933 pages, LIFO batch:31
Dec 14 14:12:00 icesc11 kernel: [    0.000000]   Normal zone: 1757 pages used for memmap
Dec 14 14:12:00 icesc11 kernel: [    0.000000]   Normal zone: 126755 pages, LIFO batch:31
Dec 14 14:12:00 icesc11 kernel: [    0.000000] ACPI: PM-Timer IO Port: 0x408
Dec 14 14:12:00 icesc11 kernel: [    0.000000] ACPI: Local APIC address 0xfee00000
Dec 14 14:12:00 icesc11 kernel: [    0.000000] ACPI: LAPIC (acpi_id[0x01] lapic_id[0x00] enabled)
Dec 14 14:12:00 icesc11 kernel: [    0.000000] ACPI: LAPIC (acpi_id[0x02] lapic_id[0x02] enabled)
Dec 14 14:12:00 icesc11 kernel: [    0.000000] ACPI: LAPIC (acpi_id[0x03] lapic_id[0x01] enabled)
Dec 14 14:12:00 icesc11 kernel: [    0.000000] ACPI: LAPIC (acpi_id[0x04] lapic_id[0x03] enabled)
Dec 14 14:12:00 icesc11 kernel: [    0.000000] ACPI: LAPIC_NMI (acpi_id[0xff] high edge lint[0x1])
Dec 14 14:12:00 icesc11 kernel: [    0.000000] ACPI: IOAPIC (id[0x02] address[0xfec00000] gsi_base[0])
Dec 14 14:12:00 icesc11 kernel: [    0.000000] IOAPIC[0]: apic_id 2, version 32, address 0xfec00000, GSI 0-23
Dec 14 14:12:00 icesc11 kernel: [    0.000000] ACPI: INT_SRC_OVR (bus 0 bus_irq 0 global_irq 2 dfl dfl)
Dec 14 14:12:00 icesc11 kernel: [    0.000000] ACPI: INT_SRC_OVR (bus 0 bus_irq 9 global_irq 9 high level)
Dec 14 14:12:00 icesc11 kernel: [    0.000000] ACPI: IRQ0 used by override.
Dec 14 14:12:00 icesc11 kernel: [    0.000000] ACPI: IRQ2 used by override.
Dec 14 14:12:00 icesc11 kernel: [    0.000000] ACPI: IRQ9 used by override.
Dec 14 14:12:00 icesc11 kernel: [    0.000000] Using ACPI (MADT) for SMP configuration information
Dec 14 14:12:00 icesc11 kernel: [    0.000000] ACPI: HPET id: 0x8086a701 base: 0xfed00000
Dec 14 14:12:00 icesc11 kernel: [    0.000000] SMP: Allowing 4 CPUs, 0 hotplug CPUs
Dec 14 14:12:00 icesc11 kernel: [    0.000000] nr_irqs_gsi: 40
Dec 14 14:12:00 icesc11 kernel: [    0.000000] PM: Registered nosave memory: 000000000009d000 - 000000000009e000
Dec 14 14:12:00 icesc11 kernel: [    0.000000] PM: Registered nosave memory: 000000000009e000 - 00000000000a0000
Dec 14 14:12:00 icesc11 kernel: [    0.000000] PM: Registered nosave memory: 00000000000a0000 - 00000000000e0000
Dec 14 14:12:00 icesc11 kernel: [    0.000000] PM: Registered nosave memory: 00000000000e0000 - 0000000000100000
Dec 14 14:12:00 icesc11 kernel: [    0.000000] PM: Registered nosave memory: 0000000020000000 - 0000000020200000
Dec 14 14:12:00 icesc11 kernel: [    0.000000] PM: Registered nosave memory: 0000000040000000 - 0000000040200000
Dec 14 14:12:00 icesc11 kernel: [    0.000000] PM: Registered nosave memory: 00000000d9fe5000 - 00000000da5d5000
Dec 14 14:12:00 icesc11 kernel: [    0.000000] PM: Registered nosave memory: 00000000da5d5000 - 00000000da855000
Dec 14 14:12:00 icesc11 kernel: [    0.000000] PM: Registered nosave memory: 00000000da855000 - 00000000da85a000
Dec 14 14:12:00 icesc11 kernel: [    0.000000] PM: Registered nosave memory: 00000000da85a000 - 00000000da89d000
Dec 14 14:12:00 icesc11 kernel: [    0.000000] PM: Registered nosave memory: 00000000dae27000 - 00000000daff2000
Dec 14 14:12:00 icesc11 kernel: [    0.000000] PM: Registered nosave memory: 00000000db000000 - 00000000db800000
Dec 14 14:12:00 icesc11 kernel: [    0.000000] PM: Registered nosave memory: 00000000db800000 - 00000000dfa00000
Dec 14 14:12:00 icesc11 kernel: [    0.000000] PM: Registered nosave memory: 00000000dfa00000 - 00000000f8000000
Dec 14 14:12:00 icesc11 kernel: [    0.000000] PM: Registered nosave memory: 00000000f8000000 - 00000000fc000000
Dec 14 14:12:00 icesc11 kernel: [    0.000000] PM: Registered nosave memory: 00000000fc000000 - 00000000fec00000
Dec 14 14:12:00 icesc11 kernel: [    0.000000] PM: Registered nosave memory: 00000000fec00000 - 00000000fec01000
Dec 14 14:12:00 icesc11 kernel: [    0.000000] PM: Registered nosave memory: 00000000fec01000 - 00000000fed00000
Dec 14 14:12:00 icesc11 kernel: [    0.000000] PM: Registered nosave memory: 00000000fed00000 - 00000000fed04000
Dec 14 14:12:00 icesc11 kernel: [    0.000000] PM: Registered nosave memory: 00000000fed04000 - 00000000fed1c000
Dec 14 14:12:00 icesc11 kernel: [    0.000000] PM: Registered nosave memory: 00000000fed1c000 - 00000000fed20000
Dec 14 14:12:00 icesc11 kernel: [    0.000000] PM: Registered nosave memory: 00000000fed20000 - 00000000fee00000
Dec 14 14:12:00 icesc11 kernel: [    0.000000] PM: Registered nosave memory: 00000000fee00000 - 00000000fee01000
Dec 14 14:12:00 icesc11 kernel: [    0.000000] PM: Registered nosave memory: 00000000fee01000 - 00000000ff000000
Dec 14 14:12:00 icesc11 kernel: [    0.000000] PM: Registered nosave memory: 00000000ff000000 - 0000000100000000
Dec 14 14:12:00 icesc11 kernel: [    0.000000] Allocating PCI resources starting at dfa00000 (gap: dfa00000:18600000)
Dec 14 14:12:00 icesc11 kernel: [    0.000000] Booting paravirtualized kernel on bare hardware
Dec 14 14:12:00 icesc11 kernel: [    0.000000] setup_percpu: NR_CPUS:512 nr_cpumask_bits:512 nr_cpu_ids:4 nr_node_ids:1
Dec 14 14:12:00 icesc11 kernel: [    0.000000] PERCPU: Embedded 28 pages/cpu @ffff88011f200000 s82944 r8192 d23552 u524288
Dec 14 14:12:00 icesc11 kernel: [    0.000000] pcpu-alloc: s82944 r8192 d23552 u524288 alloc=1*2097152
Dec 14 14:12:00 icesc11 kernel: [    0.000000] pcpu-alloc: [0] 0 1 2 3 
Dec 14 14:12:00 icesc11 kernel: [    0.000000] Built 1 zonelists in Node order, mobility grouping on.  Total pages: 1005472
Dec 14 14:12:00 icesc11 kernel: [    0.000000] Policy zone: Normal
Dec 14 14:12:00 icesc11 kernel: [    0.000000] Kernel command line: BOOT_IMAGE=/boot/vmlinuz-3.2.0-4-amd64 root=UUID=43b1eb9d-bbd6-43ac-8989-b9847a423245 ro quiet fsprotect
Dec 14 14:12:00 icesc11 kernel: [    0.000000] PID hash table entries: 4096 (order: 3, 32768 bytes)
Dec 14 14:12:00 icesc11 kernel: [    0.000000] xsave/xrstor: enabled xstate_bv 0x7, cntxt size 0x340
Dec 14 14:12:00 icesc11 kernel: [    0.000000] Checking aperture...
Dec 14 14:12:00 icesc11 kernel: [    0.000000] No AGP bridge found
Dec 14 14:12:00 icesc11 kernel: [    0.000000] Calgary: detecting Calgary via BIOS EBDA area
Dec 14 14:12:00 icesc11 kernel: [    0.000000] Calgary: Unable to locate Rio Grande table in EBDA - bailing!
Dec 14 14:12:00 icesc11 kernel: [    0.000000] Memory: 3941668k/4708352k available (3425k kernel code, 621528k absent, 145156k reserved, 3314k data, 576k init)
Dec 14 14:12:00 icesc11 kernel: [    0.000000] Hierarchical RCU implementation.
Dec 14 14:12:00 icesc11 kernel: [    0.000000] 	RCU dyntick-idle grace-period acceleration is enabled.
Dec 14 14:12:00 icesc11 kernel: [    0.000000] NR_IRQS:33024 nr_irqs:712 16
Dec 14 14:12:00 icesc11 kernel: [    0.000000] Extended CMOS year: 2000
Dec 14 14:12:00 icesc11 kernel: [    0.000000] Console: colour VGA+ 80x25
Dec 14 14:12:00 icesc11 kernel: [    0.000000] console [tty0] enabled
Dec 14 14:12:00 icesc11 kernel: [    0.000000] hpet clockevent registered
Dec 14 14:12:00 icesc11 kernel: [    0.000000] Fast TSC calibration using PIT
Dec 14 14:12:00 icesc11 kernel: [    0.004000] Detected 2594.460 MHz processor.
Dec 14 14:12:00 icesc11 kernel: [    0.000002] Calibrating delay loop (skipped), value calculated using timer frequency.. 5188.92 BogoMIPS (lpj=10377840)
Dec 14 14:12:00 icesc11 kernel: [    0.000005] pid_max: default: 32768 minimum: 301
Dec 14 14:12:00 icesc11 kernel: [    0.000035] Security Framework initialized
Dec 14 14:12:00 icesc11 kernel: [    0.000039] AppArmor: AppArmor disabled by boot time parameter
Dec 14 14:12:00 icesc11 kernel: [    0.000259] Dentry cache hash table entries: 524288 (order: 10, 4194304 bytes)
Dec 14 14:12:00 icesc11 kernel: [    0.001233] Inode-cache hash table entries: 262144 (order: 9, 2097152 bytes)
Dec 14 14:12:00 icesc11 kernel: [    0.001677] Mount-cache hash table entries: 256
Dec 14 14:12:00 icesc11 kernel: [    0.001767] Initializing cgroup subsys cpuacct
Dec 14 14:12:00 icesc11 kernel: [    0.001771] Initializing cgroup subsys memory
Dec 14 14:12:00 icesc11 kernel: [    0.001779] Initializing cgroup subsys devices
Dec 14 14:12:00 icesc11 kernel: [    0.001782] Initializing cgroup subsys freezer
Dec 14 14:12:00 icesc11 kernel: [    0.001783] Initializing cgroup subsys net_cls
Dec 14 14:12:00 icesc11 kernel: [    0.001786] Initializing cgroup subsys blkio
Dec 14 14:12:00 icesc11 kernel: [    0.001790] Initializing cgroup subsys perf_event
Dec 14 14:12:00 icesc11 kernel: [    0.001814] CPU: Physical Processor ID: 0
Dec 14 14:12:00 icesc11 kernel: [    0.001815] CPU: Processor Core ID: 0
Dec 14 14:12:00 icesc11 kernel: [    0.001820] ENERGY_PERF_BIAS: Set to 'normal', was 'performance'
Dec 14 14:12:00 icesc11 kernel: [    0.001820] ENERGY_PERF_BIAS: View and update with x86_energy_perf_policy(8)
Dec 14 14:12:00 icesc11 kernel: [    0.001823] mce: CPU supports 7 MCE banks
Dec 14 14:12:00 icesc11 kernel: [    0.001834] CPU0: Thermal monitoring enabled (TM1)
Dec 14 14:12:00 icesc11 kernel: [    0.001839] using mwait in idle threads.
Dec 14 14:12:00 icesc11 kernel: [    0.002255] ACPI: Core revision 20110623
Dec 14 14:12:00 icesc11 kernel: [    0.014506] ..TIMER: vector=0x30 apic1=0 pin1=2 apic2=-1 pin2=-1
Dec 14 14:12:00 icesc11 kernel: [    0.054121] CPU0: Intel(R) Core(TM) i3-2120T CPU @ 2.60GHz stepping 07
Dec 14 14:12:00 icesc11 kernel: [    0.159653] Performance Events: PEBS fmt1+, SandyBridge events, Intel PMU driver.
Dec 14 14:12:00 icesc11 kernel: [    0.159658] PEBS disabled due to CPU errata.
Dec 14 14:12:00 icesc11 kernel: [    0.159661] ... version:                3
Dec 14 14:12:00 icesc11 kernel: [    0.159662] ... bit width:              48
Dec 14 14:12:00 icesc11 kernel: [    0.159663] ... generic registers:      4
Dec 14 14:12:00 icesc11 kernel: [    0.159664] ... value mask:             0000ffffffffffff
Dec 14 14:12:00 icesc11 kernel: [    0.159665] ... max period:             000000007fffffff
Dec 14 14:12:00 icesc11 kernel: [    0.159667] ... fixed-purpose events:   3
Dec 14 14:12:00 icesc11 kernel: [    0.159668] ... event mask:             000000070000000f
Dec 14 14:12:00 icesc11 kernel: [    0.159788] NMI watchdog enabled, takes one hw-pmu counter.
Dec 14 14:12:00 icesc11 kernel: [    0.159873] Booting Node   0, Processors  #1
Dec 14 14:12:00 icesc11 kernel: [    0.159875] smpboot cpu 1: start_ip = 98000
Dec 14 14:12:00 icesc11 kernel: [    0.267545] NMI watchdog enabled, takes one hw-pmu counter.
Dec 14 14:12:00 icesc11 kernel: [    0.267629]  #2
Dec 14 14:12:00 icesc11 kernel: [    0.267630] smpboot cpu 2: start_ip = 98000
Dec 14 14:12:00 icesc11 kernel: [    0.375403] NMI watchdog enabled, takes one hw-pmu counter.
Dec 14 14:12:00 icesc11 kernel: [    0.375490]  #3 Ok.
Dec 14 14:12:00 icesc11 kernel: [    0.375491] smpboot cpu 3: start_ip = 98000
Dec 14 14:12:00 icesc11 kernel: [    0.483159] NMI watchdog enabled, takes one hw-pmu counter.
Dec 14 14:12:00 icesc11 kernel: [    0.483185] Brought up 4 CPUs
Dec 14 14:12:00 icesc11 kernel: [    0.483187] Total of 4 processors activated (20753.48 BogoMIPS).
Dec 14 14:12:00 icesc11 kernel: [    0.486207] devtmpfs: initialized
Dec 14 14:12:00 icesc11 kernel: [    0.489133] PM: Registering ACPI NVS region at da5d5000 (2621440 bytes)
Dec 14 14:12:00 icesc11 kernel: [    0.489227] PM: Registering ACPI NVS region at da85a000 (274432 bytes)
Dec 14 14:12:00 icesc11 kernel: [    0.489353] print_constraints: dummy: 
Dec 14 14:12:00 icesc11 kernel: [    0.489402] NET: Registered protocol family 16
Dec 14 14:12:00 icesc11 kernel: [    0.489477] ACPI FADT declares the system doesn't support PCIe ASPM, so disable it
Dec 14 14:12:00 icesc11 kernel: [    0.489479] ACPI: bus type pci registered
Dec 14 14:12:00 icesc11 kernel: [    0.489532] PCI: MMCONFIG for domain 0000 [bus 00-3f] at [mem 0xf8000000-0xfbffffff] (base 0xf8000000)
Dec 14 14:12:00 icesc11 kernel: [    0.489534] PCI: MMCONFIG at [mem 0xf8000000-0xfbffffff] reserved in E820
Dec 14 14:12:00 icesc11 kernel: [    0.495983] PCI: Using configuration type 1 for base access
Dec 14 14:12:00 icesc11 kernel: [    0.496605] bio: create slab <bio-0> at 0
Dec 14 14:12:00 icesc11 kernel: [    0.496678] ACPI: Added _OSI(Module Device)
Dec 14 14:12:00 icesc11 kernel: [    0.496680] ACPI: Added _OSI(Processor Device)
Dec 14 14:12:00 icesc11 kernel: [    0.496682] ACPI: Added _OSI(3.0 _SCP Extensions)
Dec 14 14:12:00 icesc11 kernel: [    0.496684] ACPI: Added _OSI(Processor Aggregator Device)
Dec 14 14:12:00 icesc11 kernel: [    0.497938] ACPI: EC: Look up EC in DSDT
Dec 14 14:12:00 icesc11 kernel: [    0.499697] ACPI: Executed 1 blocks of module-level executable AML code
Dec 14 14:12:00 icesc11 kernel: [    0.511448] ACPI: SSDT 00000000da582018 0083B (v01  PmRef  Cpu0Cst 00003001 INTL 20051117)
Dec 14 14:12:00 icesc11 kernel: [    0.511782] ACPI: Dynamic OEM Table Load:
Dec 14 14:12:00 icesc11 kernel: [    0.511784] ACPI: SSDT           (null) 0083B (v01  PmRef  Cpu0Cst 00003001 INTL 20051117)
Dec 14 14:12:00 icesc11 kernel: [    0.523252] ACPI: SSDT 00000000da583a98 00303 (v01  PmRef    ApIst 00003000 INTL 20051117)
Dec 14 14:12:00 icesc11 kernel: [    0.523621] ACPI: Dynamic OEM Table Load:
Dec 14 14:12:00 icesc11 kernel: [    0.523623] ACPI: SSDT           (null) 00303 (v01  PmRef    ApIst 00003000 INTL 20051117)
Dec 14 14:12:00 icesc11 kernel: [    0.535075] ACPI: SSDT 00000000da584c18 00119 (v01  PmRef    ApCst 00003000 INTL 20051117)
Dec 14 14:12:00 icesc11 kernel: [    0.535398] ACPI: Dynamic OEM Table Load:
Dec 14 14:12:00 icesc11 kernel: [    0.535400] ACPI: SSDT           (null) 00119 (v01  PmRef    ApCst 00003000 INTL 20051117)
Dec 14 14:12:00 icesc11 kernel: [    0.547850] ACPI: Interpreter enabled
Dec 14 14:12:00 icesc11 kernel: [    0.547854] ACPI: (supports S0 S1 S3 S4 S5)
Dec 14 14:12:00 icesc11 kernel: [    0.547879] ACPI: Using IOAPIC for interrupt routing
Dec 14 14:12:00 icesc11 kernel: [    0.554125] ACPI: Power Resource [FN00] (off)
Dec 14 14:12:00 icesc11 kernel: [    0.554205] ACPI: Power Resource [FN01] (off)
Dec 14 14:12:00 icesc11 kernel: [    0.554281] ACPI: Power Resource [FN02] (off)
Dec 14 14:12:00 icesc11 kernel: [    0.554356] ACPI: Power Resource [FN03] (off)
Dec 14 14:12:00 icesc11 kernel: [    0.554434] ACPI: Power Resource [FN04] (off)
Dec 14 14:12:00 icesc11 kernel: [    0.554834] ACPI: No dock devices found.
Dec 14 14:12:00 icesc11 kernel: [    0.554836] HEST: Table not found.
Dec 14 14:12:00 icesc11 kernel: [    0.554838] PCI: Using host bridge windows from ACPI; if necessary, use "pci=nocrs" and report a bug
Dec 14 14:12:00 icesc11 kernel: [    0.555218] ACPI: PCI Root Bridge [PCI0] (domain 0000 [bus 00-3e])
Dec 14 14:12:00 icesc11 kernel: [    0.555766] pci_root PNP0A08:00: host bridge window [io  0x0000-0x0cf7]
Dec 14 14:12:00 icesc11 kernel: [    0.555768] pci_root PNP0A08:00: host bridge window [io  0x0d00-0xffff]
Dec 14 14:12:00 icesc11 kernel: [    0.555770] pci_root PNP0A08:00: host bridge window [mem 0x000a0000-0x000bffff]
Dec 14 14:12:00 icesc11 kernel: [    0.555772] pci_root PNP0A08:00: host bridge window [mem 0x000d0000-0x000d3fff]
Dec 14 14:12:00 icesc11 kernel: [    0.555774] pci_root PNP0A08:00: host bridge window [mem 0x000d4000-0x000d7fff]
Dec 14 14:12:00 icesc11 kernel: [    0.555776] pci_root PNP0A08:00: host bridge window [mem 0x000d8000-0x000dbfff]
Dec 14 14:12:00 icesc11 kernel: [    0.555778] pci_root PNP0A08:00: host bridge window [mem 0x000dc000-0x000dffff]
Dec 14 14:12:00 icesc11 kernel: [    0.555779] pci_root PNP0A08:00: host bridge window [mem 0x000e0000-0x000e3fff]
Dec 14 14:12:00 icesc11 kernel: [    0.555781] pci_root PNP0A08:00: host bridge window [mem 0x000e4000-0x000e7fff]
Dec 14 14:12:00 icesc11 kernel: [    0.555783] pci_root PNP0A08:00: host bridge window [mem 0xdfa00000-0xfeafffff]
Dec 14 14:12:00 icesc11 kernel: [    0.555785] pci_root PNP0A08:00: host bridge window [mem 0x11f600000-0x51f5fffff]
Dec 14 14:12:00 icesc11 kernel: [    0.555796] pci 0000:00:00.0: [8086:0100] type 0 class 0x000600
Dec 14 14:12:00 icesc11 kernel: [    0.555830] pci 0000:00:01.0: [8086:0101] type 1 class 0x000604
Dec 14 14:12:00 icesc11 kernel: [    0.555858] pci 0000:00:01.0: PME# supported from D0 D3hot D3cold
Dec 14 14:12:00 icesc11 kernel: [    0.555877] pci 0000:00:02.0: [8086:0102] type 0 class 0x000300
Dec 14 14:12:00 icesc11 kernel: [    0.555886] pci 0000:00:02.0: reg 10: [mem 0xf7800000-0xf7bfffff 64bit]
Dec 14 14:12:00 icesc11 kernel: [    0.555892] pci 0000:00:02.0: reg 18: [mem 0xe0000000-0xefffffff 64bit pref]
Dec 14 14:12:00 icesc11 kernel: [    0.555896] pci 0000:00:02.0: reg 20: [io  0xf000-0xf03f]
Dec 14 14:12:00 icesc11 kernel: [    0.555948] pci 0000:00:16.0: [8086:1c3a] type 0 class 0x000780
Dec 14 14:12:00 icesc11 kernel: [    0.555970] pci 0000:00:16.0: reg 10: [mem 0xf7d0a000-0xf7d0a00f 64bit]
Dec 14 14:12:00 icesc11 kernel: [    0.556045] pci 0000:00:16.0: PME# supported from D0 D3hot D3cold
Dec 14 14:12:00 icesc11 kernel: [    0.556079] pci 0000:00:1a.0: [8086:1c2d] type 0 class 0x000c03
Dec 14 14:12:00 icesc11 kernel: [    0.556100] pci 0000:00:1a.0: reg 10: [mem 0xf7d08000-0xf7d083ff]
Dec 14 14:12:00 icesc11 kernel: [    0.556190] pci 0000:00:1a.0: PME# supported from D0 D3hot D3cold
Dec 14 14:12:00 icesc11 kernel: [    0.556217] pci 0000:00:1b.0: [8086:1c20] type 0 class 0x000403
Dec 14 14:12:00 icesc11 kernel: [    0.556232] pci 0000:00:1b.0: reg 10: [mem 0xf7d00000-0xf7d03fff 64bit]
Dec 14 14:12:00 icesc11 kernel: [    0.556301] pci 0000:00:1b.0: PME# supported from D0 D3hot D3cold
Dec 14 14:12:00 icesc11 kernel: [    0.556325] pci 0000:00:1c.0: [8086:1c10] type 1 class 0x000604
Dec 14 14:12:00 icesc11 kernel: [    0.556403] pci 0000:00:1c.0: PME# supported from D0 D3hot D3cold
Dec 14 14:12:00 icesc11 kernel: [    0.556429] pci 0000:00:1c.1: [8086:1c12] type 1 class 0x000604
Dec 14 14:12:00 icesc11 kernel: [    0.556507] pci 0000:00:1c.1: PME# supported from D0 D3hot D3cold
Dec 14 14:12:00 icesc11 kernel: [    0.556533] pci 0000:00:1c.2: [8086:1c14] type 1 class 0x000604
Dec 14 14:12:00 icesc11 kernel: [    0.556612] pci 0000:00:1c.2: PME# supported from D0 D3hot D3cold
Dec 14 14:12:00 icesc11 kernel: [    0.556638] pci 0000:00:1c.3: [8086:1c16] type 1 class 0x000604
Dec 14 14:12:00 icesc11 kernel: [    0.556716] pci 0000:00:1c.3: PME# supported from D0 D3hot D3cold
Dec 14 14:12:00 icesc11 kernel: [    0.556750] pci 0000:00:1d.0: [8086:1c26] type 0 class 0x000c03
Dec 14 14:12:00 icesc11 kernel: [    0.556771] pci 0000:00:1d.0: reg 10: [mem 0xf7d07000-0xf7d073ff]
Dec 14 14:12:00 icesc11 kernel: [    0.556860] pci 0000:00:1d.0: PME# supported from D0 D3hot D3cold
Dec 14 14:12:00 icesc11 kernel: [    0.556887] pci 0000:00:1f.0: [8086:1c5c] type 0 class 0x000601
Dec 14 14:12:00 icesc11 kernel: [    0.557012] pci 0000:00:1f.2: [8086:1c02] type 0 class 0x000106
Dec 14 14:12:00 icesc11 kernel: [    0.557030] pci 0000:00:1f.2: reg 10: [io  0xf0b0-0xf0b7]
Dec 14 14:12:00 icesc11 kernel: [    0.557038] pci 0000:00:1f.2: reg 14: [io  0xf0a0-0xf0a3]
Dec 14 14:12:00 icesc11 kernel: [    0.557046] pci 0000:00:1f.2: reg 18: [io  0xf090-0xf097]
Dec 14 14:12:00 icesc11 kernel: [    0.557054] pci 0000:00:1f.2: reg 1c: [io  0xf080-0xf083]
Dec 14 14:12:00 icesc11 kernel: [    0.557062] pci 0000:00:1f.2: reg 20: [io  0xf060-0xf07f]
Dec 14 14:12:00 icesc11 kernel: [    0.557070] pci 0000:00:1f.2: reg 24: [mem 0xf7d06000-0xf7d067ff]
Dec 14 14:12:00 icesc11 kernel: [    0.557115] pci 0000:00:1f.2: PME# supported from D3hot
Dec 14 14:12:00 icesc11 kernel: [    0.557135] pci 0000:00:1f.3: [8086:1c22] type 0 class 0x000c05
Dec 14 14:12:00 icesc11 kernel: [    0.557150] pci 0000:00:1f.3: reg 10: [mem 0xf7d05000-0xf7d050ff 64bit]
Dec 14 14:12:00 icesc11 kernel: [    0.557171] pci 0000:00:1f.3: reg 20: [io  0xf040-0xf05f]
Dec 14 14:12:00 icesc11 kernel: [    0.557217] pci 0000:00:01.0: PCI bridge to [bus 01-01]
Dec 14 14:12:00 icesc11 kernel: [    0.557264] pci 0000:00:1c.0: PCI bridge to [bus 02-02]
Dec 14 14:12:00 icesc11 kernel: [    0.557340] pci 0000:03:00.0: [10ec:8168] type 0 class 0x000200
Dec 14 14:12:00 icesc11 kernel: [    0.557360] pci 0000:03:00.0: reg 10: [io  0xe000-0xe0ff]
Dec 14 14:12:00 icesc11 kernel: [    0.557393] pci 0000:03:00.0: reg 18: [mem 0xf0104000-0xf0104fff 64bit pref]
Dec 14 14:12:00 icesc11 kernel: [    0.557415] pci 0000:03:00.0: reg 20: [mem 0xf0100000-0xf0103fff 64bit pref]
Dec 14 14:12:00 icesc11 kernel: [    0.557507] pci 0000:03:00.0: supports D1 D2
Dec 14 14:12:00 icesc11 kernel: [    0.557508] pci 0000:03:00.0: PME# supported from D0 D1 D2 D3hot D3cold
Dec 14 14:12:00 icesc11 kernel: [    0.562913] pci 0000:00:1c.1: PCI bridge to [bus 03-03]
Dec 14 14:12:00 icesc11 kernel: [    0.562919] pci 0000:00:1c.1:   bridge window [io  0xe000-0xefff]
Dec 14 14:12:00 icesc11 kernel: [    0.562931] pci 0000:00:1c.1:   bridge window [mem 0xf0100000-0xf01fffff 64bit pref]
Dec 14 14:12:00 icesc11 kernel: [    0.563023] pci 0000:04:00.0: [1b21:1042] type 0 class 0x000c03
Dec 14 14:12:00 icesc11 kernel: [    0.563058] pci 0000:04:00.0: reg 10: [mem 0xf7c00000-0xf7c07fff 64bit]
Dec 14 14:12:00 icesc11 kernel: [    0.563247] pci 0000:04:00.0: PME# supported from D3hot D3cold
Dec 14 14:12:00 icesc11 kernel: [    0.570892] pci 0000:00:1c.2: PCI bridge to [bus 04-04]
Dec 14 14:12:00 icesc11 kernel: [    0.570902] pci 0000:00:1c.2:   bridge window [mem 0xf7c00000-0xf7cfffff]
Dec 14 14:12:00 icesc11 kernel: [    0.570993] pci 0000:05:00.0: [10ec:8168] type 0 class 0x000200
Dec 14 14:12:00 icesc11 kernel: [    0.571013] pci 0000:05:00.0: reg 10: [io  0xd000-0xd0ff]
Dec 14 14:12:00 icesc11 kernel: [    0.571048] pci 0000:05:00.0: reg 18: [mem 0xf0004000-0xf0004fff 64bit pref]
Dec 14 14:12:00 icesc11 kernel: [    0.571070] pci 0000:05:00.0: reg 20: [mem 0xf0000000-0xf0003fff 64bit pref]
Dec 14 14:12:00 icesc11 kernel: [    0.571164] pci 0000:05:00.0: supports D1 D2
Dec 14 14:12:00 icesc11 kernel: [    0.571165] pci 0000:05:00.0: PME# supported from D0 D1 D2 D3hot D3cold
Dec 14 14:12:00 icesc11 kernel: [    0.578880] pci 0000:00:1c.3: PCI bridge to [bus 05-05]
Dec 14 14:12:00 icesc11 kernel: [    0.578887] pci 0000:00:1c.3:   bridge window [io  0xd000-0xdfff]
Dec 14 14:12:00 icesc11 kernel: [    0.578898] pci 0000:00:1c.3:   bridge window [mem 0xf0000000-0xf00fffff 64bit pref]
Dec 14 14:12:00 icesc11 kernel: [    0.578935] ACPI: PCI Interrupt Routing Table [\_SB_.PCI0._PRT]
Dec 14 14:12:00 icesc11 kernel: [    0.579107] ACPI: PCI Interrupt Routing Table [\_SB_.PCI0.RP01._PRT]
Dec 14 14:12:00 icesc11 kernel: [    0.579145] ACPI: PCI Interrupt Routing Table [\_SB_.PCI0.RP02._PRT]
Dec 14 14:12:00 icesc11 kernel: [    0.579184] ACPI: PCI Interrupt Routing Table [\_SB_.PCI0.RP03._PRT]
Dec 14 14:12:00 icesc11 kernel: [    0.579222] ACPI: PCI Interrupt Routing Table [\_SB_.PCI0.RP04._PRT]
Dec 14 14:12:00 icesc11 kernel: [    0.579267] ACPI: PCI Interrupt Routing Table [\_SB_.PCI0.PEG0._PRT]
Dec 14 14:12:00 icesc11 kernel: [    0.579404]  pci0000:00: Requesting ACPI _OSC control (0x1d)
Dec 14 14:12:00 icesc11 kernel: [    0.579626]  pci0000:00: ACPI _OSC control (0x18) granted
Dec 14 14:12:00 icesc11 kernel: [    0.584454] ACPI: PCI Interrupt Link [LNKA] (IRQs 3 4 5 6 10 *11 12 14 15)
Dec 14 14:12:00 icesc11 kernel: [    0.584502] ACPI: PCI Interrupt Link [LNKB] (IRQs 3 4 5 6 *10 11 12 14 15)
Dec 14 14:12:00 icesc11 kernel: [    0.584548] ACPI: PCI Interrupt Link [LNKC] (IRQs 3 4 5 6 10 *11 12 14 15)
Dec 14 14:12:00 icesc11 kernel: [    0.584594] ACPI: PCI Interrupt Link [LNKD] (IRQs 3 4 5 6 *10 11 12 14 15)
Dec 14 14:12:00 icesc11 kernel: [    0.584640] ACPI: PCI Interrupt Link [LNKE] (IRQs 3 4 5 6 10 11 12 14 15) *0, disabled.
Dec 14 14:12:00 icesc11 kernel: [    0.584687] ACPI: PCI Interrupt Link [LNKF] (IRQs 3 4 5 6 10 11 12 14 15) *0, disabled.
Dec 14 14:12:00 icesc11 kernel: [    0.584733] ACPI: PCI Interrupt Link [LNKG] (IRQs 3 4 5 6 10 *11 12 14 15)
Dec 14 14:12:00 icesc11 kernel: [    0.584777] ACPI: PCI Interrupt Link [LNKH] (IRQs 3 4 5 6 *10 11 12 14 15)
Dec 14 14:12:00 icesc11 kernel: [    0.584863] vgaarb: device added: PCI:0000:00:02.0,decodes=io+mem,owns=io+mem,locks=none
Dec 14 14:12:00 icesc11 kernel: [    0.584869] vgaarb: loaded
Dec 14 14:12:00 icesc11 kernel: [    0.584871] vgaarb: bridge control possible 0000:00:02.0
Dec 14 14:12:00 icesc11 kernel: [    0.584903] PCI: Using ACPI for IRQ routing
Dec 14 14:12:00 icesc11 kernel: [    0.586397] PCI: pci_cache_line_size set to 64 bytes
Dec 14 14:12:00 icesc11 kernel: [    0.586471] reserve RAM buffer: 000000000009d800 - 000000000009ffff 
Dec 14 14:12:00 icesc11 kernel: [    0.586473] reserve RAM buffer: 00000000d9fe5000 - 00000000dbffffff 
Dec 14 14:12:00 icesc11 kernel: [    0.586476] reserve RAM buffer: 00000000dae27000 - 00000000dbffffff 
Dec 14 14:12:00 icesc11 kernel: [    0.586478] reserve RAM buffer: 00000000db000000 - 00000000dbffffff 
Dec 14 14:12:00 icesc11 kernel: [    0.586480] reserve RAM buffer: 000000011f600000 - 000000011fffffff 
Dec 14 14:12:00 icesc11 kernel: [    0.586570] hpet0: at MMIO 0xfed00000, IRQs 2, 8, 0, 0, 0, 0, 0, 0
Dec 14 14:12:00 icesc11 kernel: [    0.586575] hpet0: 8 comparators, 64-bit 14.318180 MHz counter
Dec 14 14:12:00 icesc11 kernel: [    0.588590] Switching to clocksource hpet
Dec 14 14:12:00 icesc11 kernel: [    0.590048] pnp: PnP ACPI init
Dec 14 14:12:00 icesc11 kernel: [    0.590063] ACPI: bus type pnp registered
Dec 14 14:12:00 icesc11 kernel: [    0.590351] pnp 00:00: [bus 00-3e]
Dec 14 14:12:00 icesc11 kernel: [    0.590353] pnp 00:00: [io  0x0000-0x0cf7 window]
Dec 14 14:12:00 icesc11 kernel: [    0.590355] pnp 00:00: [io  0x0cf8-0x0cff]
Dec 14 14:12:00 icesc11 kernel: [    0.590356] pnp 00:00: [io  0x0d00-0xffff window]
Dec 14 14:12:00 icesc11 kernel: [    0.590358] pnp 00:00: [mem 0x000a0000-0x000bffff window]
Dec 14 14:12:00 icesc11 kernel: [    0.590360] pnp 00:00: [mem 0x000c0000-0x000c3fff window]
Dec 14 14:12:00 icesc11 kernel: [    0.590361] pnp 00:00: [mem 0x000c4000-0x000c7fff window]
Dec 14 14:12:00 icesc11 kernel: [    0.590363] pnp 00:00: [mem 0x000c8000-0x000cbfff window]
Dec 14 14:12:00 icesc11 kernel: [    0.590365] pnp 00:00: [mem 0x000cc000-0x000cffff window]
Dec 14 14:12:00 icesc11 kernel: [    0.590366] pnp 00:00: [mem 0x000d0000-0x000d3fff window]
Dec 14 14:12:00 icesc11 kernel: [    0.590368] pnp 00:00: [mem 0x000d4000-0x000d7fff window]
Dec 14 14:12:00 icesc11 kernel: [    0.590370] pnp 00:00: [mem 0x000d8000-0x000dbfff window]
Dec 14 14:12:00 icesc11 kernel: [    0.590371] pnp 00:00: [mem 0x000dc000-0x000dffff window]
Dec 14 14:12:00 icesc11 kernel: [    0.590373] pnp 00:00: [mem 0x000e0000-0x000e3fff window]
Dec 14 14:12:00 icesc11 kernel: [    0.590375] pnp 00:00: [mem 0x000e4000-0x000e7fff window]
Dec 14 14:12:00 icesc11 kernel: [    0.590376] pnp 00:00: [mem 0x000e8000-0x000ebfff window]
Dec 14 14:12:00 icesc11 kernel: [    0.590378] pnp 00:00: [mem 0x000ec000-0x000effff window]
Dec 14 14:12:00 icesc11 kernel: [    0.590380] pnp 00:00: [mem 0x000f0000-0x000fffff window]
Dec 14 14:12:00 icesc11 kernel: [    0.590381] pnp 00:00: [mem 0xdfa00000-0xfeafffff window]
Dec 14 14:12:00 icesc11 kernel: [    0.590383] pnp 00:00: [mem 0x11f600000-0x51f5fffff window]
Dec 14 14:12:00 icesc11 kernel: [    0.590434] pnp 00:00: Plug and Play ACPI device, IDs PNP0a08 PNP0a03 (active)
Dec 14 14:12:00 icesc11 kernel: [    0.590456] pnp 00:01: [mem 0xfed40000-0xfed44fff]
Dec 14 14:12:00 icesc11 kernel: [    0.590489] system 00:01: [mem 0xfed40000-0xfed44fff] has been reserved
Dec 14 14:12:00 icesc11 kernel: [    0.590491] system 00:01: Plug and Play ACPI device, IDs PNP0c01 (active)
Dec 14 14:12:00 icesc11 kernel: [    0.590502] pnp 00:02: [io  0x0000-0x001f]
Dec 14 14:12:00 icesc11 kernel: [    0.590503] pnp 00:02: [io  0x0081-0x0091]
Dec 14 14:12:00 icesc11 kernel: [    0.590504] pnp 00:02: [io  0x0093-0x009f]
Dec 14 14:12:00 icesc11 kernel: [    0.590506] pnp 00:02: [io  0x00c0-0x00df]
Dec 14 14:12:00 icesc11 kernel: [    0.590508] pnp 00:02: [dma 4]
Dec 14 14:12:00 icesc11 kernel: [    0.590527] pnp 00:02: Plug and Play ACPI device, IDs PNP0200 (active)
Dec 14 14:12:00 icesc11 kernel: [    0.590534] pnp 00:03: [mem 0xff000000-0xffffffff]
Dec 14 14:12:00 icesc11 kernel: [    0.590552] pnp 00:03: Plug and Play ACPI device, IDs INT0800 (active)
Dec 14 14:12:00 icesc11 kernel: [    0.590624] pnp 00:04: [mem 0xfed00000-0xfed003ff]
Dec 14 14:12:00 icesc11 kernel: [    0.590643] pnp 00:04: Plug and Play ACPI device, IDs PNP0103 (active)
Dec 14 14:12:00 icesc11 kernel: [    0.590654] pnp 00:05: [io  0x002e-0x002f]
Dec 14 14:12:00 icesc11 kernel: [    0.590655] pnp 00:05: [io  0x004e-0x004f]
Dec 14 14:12:00 icesc11 kernel: [    0.590657] pnp 00:05: [io  0x0061]
Dec 14 14:12:00 icesc11 kernel: [    0.590659] pnp 00:05: [io  0x0063]
Dec 14 14:12:00 icesc11 kernel: [    0.590660] pnp 00:05: [io  0x0065]
Dec 14 14:12:00 icesc11 kernel: [    0.590661] pnp 00:05: [io  0x0067]
Dec 14 14:12:00 icesc11 kernel: [    0.590663] pnp 00:05: [io  0x0070]
Dec 14 14:12:00 icesc11 kernel: [    0.590664] pnp 00:05: [io  0x0080]
Dec 14 14:12:00 icesc11 kernel: [    0.590665] pnp 00:05: [io  0x0092]
Dec 14 14:12:00 icesc11 kernel: [    0.590666] pnp 00:05: [io  0x00b2-0x00b3]
Dec 14 14:12:00 icesc11 kernel: [    0.590668] pnp 00:05: [io  0x0680-0x069f]
Dec 14 14:12:00 icesc11 kernel: [    0.590669] pnp 00:05: [io  0x0200-0x020f]
Dec 14 14:12:00 icesc11 kernel: [    0.590671] pnp 00:05: [io  0xffff]
Dec 14 14:12:00 icesc11 kernel: [    0.590672] pnp 00:05: [io  0xffff]
Dec 14 14:12:00 icesc11 kernel: [    0.590673] pnp 00:05: [io  0x0400-0x0453]
Dec 14 14:12:00 icesc11 kernel: [    0.590675] pnp 00:05: [io  0x0458-0x047f]
Dec 14 14:12:00 icesc11 kernel: [    0.590676] pnp 00:05: [io  0x0500-0x057f]
Dec 14 14:12:00 icesc11 kernel: [    0.590677] pnp 00:05: [io  0x164e-0x164f]
Dec 14 14:12:00 icesc11 kernel: [    0.590712] system 00:05: [io  0x0680-0x069f] has been reserved
Dec 14 14:12:00 icesc11 kernel: [    0.590714] system 00:05: [io  0x0200-0x020f] has been reserved
Dec 14 14:12:00 icesc11 kernel: [    0.590716] system 00:05: [io  0xffff] has been reserved
Dec 14 14:12:00 icesc11 kernel: [    0.590718] system 00:05: [io  0xffff] has been reserved
Dec 14 14:12:00 icesc11 kernel: [    0.590720] system 00:05: [io  0x0400-0x0453] has been reserved
Dec 14 14:12:00 icesc11 kernel: [    0.590722] system 00:05: [io  0x0458-0x047f] has been reserved
Dec 14 14:12:00 icesc11 kernel: [    0.590724] system 00:05: [io  0x0500-0x057f] has been reserved
Dec 14 14:12:00 icesc11 kernel: [    0.590726] system 00:05: [io  0x164e-0x164f] has been reserved
Dec 14 14:12:00 icesc11 kernel: [    0.590728] system 00:05: Plug and Play ACPI device, IDs PNP0c02 (active)
Dec 14 14:12:00 icesc11 kernel: [    0.590736] pnp 00:06: [io  0x0070-0x0077]
Dec 14 14:12:00 icesc11 kernel: [    0.590744] pnp 00:06: [irq 8]
Dec 14 14:12:00 icesc11 kernel: [    0.590763] pnp 00:06: Plug and Play ACPI device, IDs PNP0b00 (active)
Dec 14 14:12:00 icesc11 kernel: [    0.590787] pnp 00:07: [io  0x0454-0x0457]
Dec 14 14:12:00 icesc11 kernel: [    0.590818] system 00:07: [io  0x0454-0x0457] has been reserved
Dec 14 14:12:00 icesc11 kernel: [    0.590821] system 00:07: Plug and Play ACPI device, IDs INT3f0d PNP0c02 (active)
Dec 14 14:12:00 icesc11 kernel: [    0.590944] pnp 00:08: [io  0x0000-0xffffffffffffffff disabled]
Dec 14 14:12:00 icesc11 kernel: [    0.590946] pnp 00:08: [io  0x0a00-0x0a1f]
Dec 14 14:12:00 icesc11 kernel: [    0.590947] pnp 00:08: [io  0x0a20-0x0a2f]
Dec 14 14:12:00 icesc11 kernel: [    0.590949] pnp 00:08: [io  0x0a30-0x0a3f]
Dec 14 14:12:00 icesc11 kernel: [    0.590980] system 00:08: [io  0x0a00-0x0a1f] has been reserved
Dec 14 14:12:00 icesc11 kernel: [    0.590983] system 00:08: [io  0x0a20-0x0a2f] has been reserved
Dec 14 14:12:00 icesc11 kernel: [    0.590986] system 00:08: [io  0x0a30-0x0a3f] has been reserved
Dec 14 14:12:00 icesc11 kernel: [    0.590989] system 00:08: Plug and Play ACPI device, IDs PNP0c02 (active)
Dec 14 14:12:00 icesc11 kernel: [    0.591158] pnp 00:09: [io  0x03f8-0x03ff]
Dec 14 14:12:00 icesc11 kernel: [    0.591164] pnp 00:09: [irq 4]
Dec 14 14:12:00 icesc11 kernel: [    0.591165] pnp 00:09: [dma 0 disabled]
Dec 14 14:12:00 icesc11 kernel: [    0.591218] pnp 00:09: Plug and Play ACPI device, IDs PNP0501 (active)
Dec 14 14:12:00 icesc11 kernel: [    0.591475] pnp 00:0a: [io  0x02f8-0x02ff]
Dec 14 14:12:00 icesc11 kernel: [    0.591480] pnp 00:0a: [irq 3]
Dec 14 14:12:00 icesc11 kernel: [    0.591482] pnp 00:0a: [dma 0 disabled]
Dec 14 14:12:00 icesc11 kernel: [    0.591530] pnp 00:0a: Plug and Play ACPI device, IDs PNP0501 (active)
Dec 14 14:12:00 icesc11 kernel: [    0.591565] pnp 00:0b: [io  0x0000-0xffffffffffffffff disabled]
Dec 14 14:12:00 icesc11 kernel: [    0.591567] pnp 00:0b: [io  0x0000-0xffffffffffffffff disabled]
Dec 14 14:12:00 icesc11 kernel: [    0.591568] pnp 00:0b: [io  0x0000-0xffffffffffffffff disabled]
Dec 14 14:12:00 icesc11 kernel: [    0.591570] pnp 00:0b: [io  0x0000-0xffffffffffffffff disabled]
Dec 14 14:12:00 icesc11 kernel: [    0.591602] system 00:0b: Plug and Play ACPI device, IDs PNP0c02 (active)
Dec 14 14:12:00 icesc11 kernel: [    0.591715] pnp 00:0c: [io  0x0010-0x001f]
Dec 14 14:12:00 icesc11 kernel: [    0.591716] pnp 00:0c: [io  0x0022-0x003f]
Dec 14 14:12:00 icesc11 kernel: [    0.591718] pnp 00:0c: [io  0x0044-0x005f]
Dec 14 14:12:00 icesc11 kernel: [    0.591719] pnp 00:0c: [io  0x0062-0x0063]
Dec 14 14:12:00 icesc11 kernel: [    0.591720] pnp 00:0c: [io  0x0065-0x006f]
Dec 14 14:12:00 icesc11 kernel: [    0.591722] pnp 00:0c: [io  0x0072-0x007f]
Dec 14 14:12:00 icesc11 kernel: [    0.591723] pnp 00:0c: [io  0x0080]
Dec 14 14:12:00 icesc11 kernel: [    0.591724] pnp 00:0c: [io  0x0084-0x0086]
Dec 14 14:12:00 icesc11 kernel: [    0.591726] pnp 00:0c: [io  0x0088]
Dec 14 14:12:00 icesc11 kernel: [    0.591727] pnp 00:0c: [io  0x008c-0x008e]
Dec 14 14:12:00 icesc11 kernel: [    0.591729] pnp 00:0c: [io  0x0090-0x009f]
Dec 14 14:12:00 icesc11 kernel: [    0.591730] pnp 00:0c: [io  0x00a2-0x00bf]
Dec 14 14:12:00 icesc11 kernel: [    0.591731] pnp 00:0c: [io  0x00e0-0x00ef]
Dec 14 14:12:00 icesc11 kernel: [    0.591733] pnp 00:0c: [io  0x04d0-0x04d1]
Dec 14 14:12:00 icesc11 kernel: [    0.591767] system 00:0c: [io  0x04d0-0x04d1] has been reserved
Dec 14 14:12:00 icesc11 kernel: [    0.591769] system 00:0c: Plug and Play ACPI device, IDs PNP0c02 (active)
Dec 14 14:12:00 icesc11 kernel: [    0.591776] pnp 00:0d: [io  0x00f0-0x00ff]
Dec 14 14:12:00 icesc11 kernel: [    0.591781] pnp 00:0d: [irq 13]
Dec 14 14:12:00 icesc11 kernel: [    0.591803] pnp 00:0d: Plug and Play ACPI device, IDs PNP0c04 (active)
Dec 14 14:12:00 icesc11 kernel: [    0.592023] pnp 00:0e: [mem 0xfed1c000-0xfed1ffff]
Dec 14 14:12:00 icesc11 kernel: [    0.592025] pnp 00:0e: [mem 0xfed10000-0xfed17fff]
Dec 14 14:12:00 icesc11 kernel: [    0.592026] pnp 00:0e: [mem 0xfed18000-0xfed18fff]
Dec 14 14:12:00 icesc11 kernel: [    0.592028] pnp 00:0e: [mem 0xfed19000-0xfed19fff]
Dec 14 14:12:00 icesc11 kernel: [    0.592029] pnp 00:0e: [mem 0xf8000000-0xfbffffff]
Dec 14 14:12:00 icesc11 kernel: [    0.592031] pnp 00:0e: [mem 0xfed20000-0xfed3ffff]
Dec 14 14:12:00 icesc11 kernel: [    0.592032] pnp 00:0e: [mem 0xfed90000-0xfed93fff]
Dec 14 14:12:00 icesc11 kernel: [    0.592034] pnp 00:0e: [mem 0xfed45000-0xfed8ffff]
Dec 14 14:12:00 icesc11 kernel: [    0.592035] pnp 00:0e: [mem 0xff000000-0xffffffff]
Dec 14 14:12:00 icesc11 kernel: [    0.592037] pnp 00:0e: [mem 0xfee00000-0xfeefffff]
Dec 14 14:12:00 icesc11 kernel: [    0.592038] pnp 00:0e: [mem 0xdfa00000-0xdfa00fff]
Dec 14 14:12:00 icesc11 kernel: [    0.592087] system 00:0e: [mem 0xfed1c000-0xfed1ffff] has been reserved
Dec 14 14:12:00 icesc11 kernel: [    0.592089] system 00:0e: [mem 0xfed10000-0xfed17fff] has been reserved
Dec 14 14:12:00 icesc11 kernel: [    0.592091] system 00:0e: [mem 0xfed18000-0xfed18fff] has been reserved
Dec 14 14:12:00 icesc11 kernel: [    0.592093] system 00:0e: [mem 0xfed19000-0xfed19fff] has been reserved
Dec 14 14:12:00 icesc11 kernel: [    0.592095] system 00:0e: [mem 0xf8000000-0xfbffffff] has been reserved
Dec 14 14:12:00 icesc11 kernel: [    0.592097] system 00:0e: [mem 0xfed20000-0xfed3ffff] has been reserved
Dec 14 14:12:00 icesc11 kernel: [    0.592100] system 00:0e: [mem 0xfed90000-0xfed93fff] has been reserved
Dec 14 14:12:00 icesc11 kernel: [    0.592102] system 00:0e: [mem 0xfed45000-0xfed8ffff] has been reserved
Dec 14 14:12:00 icesc11 kernel: [    0.592104] system 00:0e: [mem 0xff000000-0xffffffff] has been reserved
Dec 14 14:12:00 icesc11 kernel: [    0.592106] system 00:0e: [mem 0xfee00000-0xfeefffff] could not be reserved
Dec 14 14:12:00 icesc11 kernel: [    0.592108] system 00:0e: [mem 0xdfa00000-0xdfa00fff] has been reserved
Dec 14 14:12:00 icesc11 kernel: [    0.592111] system 00:0e: Plug and Play ACPI device, IDs PNP0c02 (active)
Dec 14 14:12:00 icesc11 kernel: [    0.592258] pnp 00:0f: [mem 0x20000000-0x201fffff]
Dec 14 14:12:00 icesc11 kernel: [    0.592260] pnp 00:0f: [mem 0x40000000-0x401fffff]
Dec 14 14:12:00 icesc11 kernel: [    0.592307] system 00:0f: [mem 0x20000000-0x201fffff] has been reserved
Dec 14 14:12:00 icesc11 kernel: [    0.592310] system 00:0f: [mem 0x40000000-0x401fffff] has been reserved
Dec 14 14:12:00 icesc11 kernel: [    0.592312] system 00:0f: Plug and Play ACPI device, IDs PNP0c01 (active)
Dec 14 14:12:00 icesc11 kernel: [    0.592339] pnp: PnP ACPI: found 16 devices
Dec 14 14:12:00 icesc11 kernel: [    0.592340] ACPI: ACPI bus type pnp unregistered
Dec 14 14:12:00 icesc11 kernel: [    0.598910] PCI: max bus depth: 1 pci_try_num: 2
Dec 14 14:12:00 icesc11 kernel: [    0.598949] pci 0000:00:1c.0: BAR 14: assigned [mem 0xdfb00000-0xdfcfffff]
Dec 14 14:12:00 icesc11 kernel: [    0.598954] pci 0000:00:1c.0: BAR 15: assigned [mem 0xdfd00000-0xdfefffff 64bit pref]
Dec 14 14:12:00 icesc11 kernel: [    0.598957] pci 0000:00:1c.0: BAR 13: assigned [io  0x2000-0x2fff]
Dec 14 14:12:00 icesc11 kernel: [    0.598959] pci 0000:00:01.0: PCI bridge to [bus 01-01]
Dec 14 14:12:00 icesc11 kernel: [    0.598964] pci 0000:00:1c.0: PCI bridge to [bus 02-02]
Dec 14 14:12:00 icesc11 kernel: [    0.598967] pci 0000:00:1c.0:   bridge window [io  0x2000-0x2fff]
Dec 14 14:12:00 icesc11 kernel: [    0.598972] pci 0000:00:1c.0:   bridge window [mem 0xdfb00000-0xdfcfffff]
Dec 14 14:12:00 icesc11 kernel: [    0.598977] pci 0000:00:1c.0:   bridge window [mem 0xdfd00000-0xdfefffff 64bit pref]
Dec 14 14:12:00 icesc11 kernel: [    0.598983] pci 0000:00:1c.1: PCI bridge to [bus 03-03]
Dec 14 14:12:00 icesc11 kernel: [    0.598986] pci 0000:00:1c.1:   bridge window [io  0xe000-0xefff]
Dec 14 14:12:00 icesc11 kernel: [    0.598994] pci 0000:00:1c.1:   bridge window [mem 0xf0100000-0xf01fffff 64bit pref]
Dec 14 14:12:00 icesc11 kernel: [    0.599000] pci 0000:00:1c.2: PCI bridge to [bus 04-04]
Dec 14 14:12:00 icesc11 kernel: [    0.599005] pci 0000:00:1c.2:   bridge window [mem 0xf7c00000-0xf7cfffff]
Dec 14 14:12:00 icesc11 kernel: [    0.599014] pci 0000:00:1c.3: PCI bridge to [bus 05-05]
Dec 14 14:12:00 icesc11 kernel: [    0.599016] pci 0000:00:1c.3:   bridge window [io  0xd000-0xdfff]
Dec 14 14:12:00 icesc11 kernel: [    0.599023] pci 0000:00:1c.3:   bridge window [mem 0xf0000000-0xf00fffff 64bit pref]
Dec 14 14:12:00 icesc11 kernel: [    0.599039] pci 0000:00:01.0: setting latency timer to 64
Dec 14 14:12:00 icesc11 kernel: [    0.599047] pci 0000:00:1c.0: setting latency timer to 64
Dec 14 14:12:00 icesc11 kernel: [    0.599058] pci 0000:00:1c.1: setting latency timer to 64
Dec 14 14:12:00 icesc11 kernel: [    0.599068] pci 0000:00:1c.2: setting latency timer to 64
Dec 14 14:12:00 icesc11 kernel: [    0.599079] pci 0000:00:1c.3: setting latency timer to 64
Dec 14 14:12:00 icesc11 kernel: [    0.599083] pci_bus 0000:00: resource 4 [io  0x0000-0x0cf7]
Dec 14 14:12:00 icesc11 kernel: [    0.599085] pci_bus 0000:00: resource 5 [io  0x0d00-0xffff]
Dec 14 14:12:00 icesc11 kernel: [    0.599086] pci_bus 0000:00: resource 6 [mem 0x000a0000-0x000bffff]
Dec 14 14:12:00 icesc11 kernel: [    0.599088] pci_bus 0000:00: resource 7 [mem 0x000d0000-0x000d3fff]
Dec 14 14:12:00 icesc11 kernel: [    0.599090] pci_bus 0000:00: resource 8 [mem 0x000d4000-0x000d7fff]
Dec 14 14:12:00 icesc11 kernel: [    0.599091] pci_bus 0000:00: resource 9 [mem 0x000d8000-0x000dbfff]
Dec 14 14:12:00 icesc11 kernel: [    0.599093] pci_bus 0000:00: resource 10 [mem 0x000dc000-0x000dffff]
Dec 14 14:12:00 icesc11 kernel: [    0.599095] pci_bus 0000:00: resource 11 [mem 0x000e0000-0x000e3fff]
Dec 14 14:12:00 icesc11 kernel: [    0.599096] pci_bus 0000:00: resource 12 [mem 0x000e4000-0x000e7fff]
Dec 14 14:12:00 icesc11 kernel: [    0.599098] pci_bus 0000:00: resource 13 [mem 0xdfa00000-0xfeafffff]
Dec 14 14:12:00 icesc11 kernel: [    0.599100] pci_bus 0000:00: resource 14 [mem 0x11f600000-0x51f5fffff]
Dec 14 14:12:00 icesc11 kernel: [    0.599102] pci_bus 0000:02: resource 0 [io  0x2000-0x2fff]
Dec 14 14:12:00 icesc11 kernel: [    0.599104] pci_bus 0000:02: resource 1 [mem 0xdfb00000-0xdfcfffff]
Dec 14 14:12:00 icesc11 kernel: [    0.599105] pci_bus 0000:02: resource 2 [mem 0xdfd00000-0xdfefffff 64bit pref]
Dec 14 14:12:00 icesc11 kernel: [    0.599107] pci_bus 0000:03: resource 0 [io  0xe000-0xefff]
Dec 14 14:12:00 icesc11 kernel: [    0.599109] pci_bus 0000:03: resource 2 [mem 0xf0100000-0xf01fffff 64bit pref]
Dec 14 14:12:00 icesc11 kernel: [    0.599111] pci_bus 0000:04: resource 1 [mem 0xf7c00000-0xf7cfffff]
Dec 14 14:12:00 icesc11 kernel: [    0.599112] pci_bus 0000:05: resource 0 [io  0xd000-0xdfff]
Dec 14 14:12:00 icesc11 kernel: [    0.599114] pci_bus 0000:05: resource 2 [mem 0xf0000000-0xf00fffff 64bit pref]
Dec 14 14:12:00 icesc11 kernel: [    0.599174] NET: Registered protocol family 2
Dec 14 14:12:00 icesc11 kernel: [    0.599281] IP route cache hash table entries: 131072 (order: 8, 1048576 bytes)
Dec 14 14:12:00 icesc11 kernel: [    0.599955] TCP established hash table entries: 524288 (order: 11, 8388608 bytes)
Dec 14 14:12:00 icesc11 kernel: [    0.601669] TCP bind hash table entries: 65536 (order: 8, 1048576 bytes)
Dec 14 14:12:00 icesc11 kernel: [    0.601886] TCP: Hash tables configured (established 524288 bind 65536)
Dec 14 14:12:00 icesc11 kernel: [    0.601888] TCP reno registered
Dec 14 14:12:00 icesc11 kernel: [    0.601894] UDP hash table entries: 2048 (order: 4, 65536 bytes)
Dec 14 14:12:00 icesc11 kernel: [    0.601914] UDP-Lite hash table entries: 2048 (order: 4, 65536 bytes)
Dec 14 14:12:00 icesc11 kernel: [    0.602016] NET: Registered protocol family 1
Dec 14 14:12:00 icesc11 kernel: [    0.602749] pci 0000:00:02.0: Boot video device
Dec 14 14:12:00 icesc11 kernel: [    0.640573] PCI: CLS 64 bytes, default 64
Dec 14 14:12:00 icesc11 kernel: [    0.640610] Unpacking initramfs...
Dec 14 14:12:00 icesc11 kernel: [    0.826346] Freeing initrd memory: 10188k freed
Dec 14 14:12:00 icesc11 kernel: [    0.827593] PCI-DMA: Using software bounce buffering for IO (SWIOTLB)
Dec 14 14:12:00 icesc11 kernel: [    0.827598] Placing 64MB software IO TLB between ffff8800d5fe5000 - ffff8800d9fe5000
Dec 14 14:12:00 icesc11 kernel: [    0.827600] software IO TLB at phys 0xd5fe5000 - 0xd9fe5000
Dec 14 14:12:00 icesc11 kernel: [    0.828057] audit: initializing netlink socket (disabled)
Dec 14 14:12:00 icesc11 kernel: [    0.828068] type=2000 audit(1513228314.664:1): initialized
Dec 14 14:12:00 icesc11 kernel: [    0.840549] HugeTLB registered 2 MB page size, pre-allocated 0 pages
Dec 14 14:12:00 icesc11 kernel: [    0.841042] VFS: Disk quotas dquot_6.5.2
Dec 14 14:12:00 icesc11 kernel: [    0.841067] Dquot-cache hash table entries: 512 (order 0, 4096 bytes)
Dec 14 14:12:00 icesc11 kernel: [    0.841124] msgmni has been set to 7718
Dec 14 14:12:00 icesc11 kernel: [    0.841248] alg: No test for stdrng (krng)
Dec 14 14:12:00 icesc11 kernel: [    0.841274] Block layer SCSI generic (bsg) driver version 0.4 loaded (major 253)
Dec 14 14:12:00 icesc11 kernel: [    0.841277] io scheduler noop registered
Dec 14 14:12:00 icesc11 kernel: [    0.841279] io scheduler deadline registered
Dec 14 14:12:00 icesc11 kernel: [    0.841295] io scheduler cfq registered (default)
Dec 14 14:12:00 icesc11 kernel: [    0.841356] pcieport 0000:00:01.0: setting latency timer to 64
Dec 14 14:12:00 icesc11 kernel: [    0.841378] pcieport 0000:00:01.0: irq 40 for MSI/MSI-X
Dec 14 14:12:00 icesc11 kernel: [    0.841597] pci_hotplug: PCI Hot Plug PCI Core version: 0.5
Dec 14 14:12:00 icesc11 kernel: [    0.841614] pciehp: PCI Express Hot Plug Controller Driver version: 0.4
Dec 14 14:12:00 icesc11 kernel: [    0.841616] acpiphp: ACPI Hot Plug PCI Controller Driver version: 0.5
Dec 14 14:12:00 icesc11 kernel: [    0.841955] intel_idle: MWAIT substates: 0x1120
Dec 14 14:12:00 icesc11 kernel: [    0.841956] intel_idle: v0.4 model 0x2A
Dec 14 14:12:00 icesc11 kernel: [    0.841957] intel_idle: lapic_timer_reliable_states 0xffffffff
Dec 14 14:12:00 icesc11 kernel: [    0.841985] ERST: Table is not found!
Dec 14 14:12:00 icesc11 kernel: [    0.841987] GHES: HEST is not enabled!
Dec 14 14:12:00 icesc11 kernel: [    0.842030] Serial: 8250/16550 driver, 4 ports, IRQ sharing enabled
Dec 14 14:12:00 icesc11 kernel: [    0.862419] serial8250: ttyS0 at I/O 0x3f8 (irq = 4) is a 16550A
Dec 14 14:12:00 icesc11 kernel: [    0.920359] serial8250: ttyS1 at I/O 0x2f8 (irq = 3) is a 16550A
Dec 14 14:12:00 icesc11 kernel: [    1.024375] 00:09: ttyS0 at I/O 0x3f8 (irq = 4) is a 16550A
Dec 14 14:12:00 icesc11 kernel: [    1.064153] 00:0a: ttyS1 at I/O 0x2f8 (irq = 3) is a 16550A
Dec 14 14:12:00 icesc11 kernel: [    1.083895] Linux agpgart interface v0.103
Dec 14 14:12:00 icesc11 kernel: [    1.083954] agpgart-intel 0000:00:00.0: Intel Sandybridge Chipset
Dec 14 14:12:00 icesc11 kernel: [    1.084029] agpgart-intel 0000:00:00.0: detected gtt size: 2097152K total, 262144K mappable
Dec 14 14:12:00 icesc11 kernel: [    1.084907] agpgart-intel 0000:00:00.0: detected 65536K stolen memory
Dec 14 14:12:00 icesc11 kernel: [    1.085010] agpgart-intel 0000:00:00.0: AGP aperture is 256M @ 0xe0000000
Dec 14 14:12:00 icesc11 kernel: [    1.085114] i8042: PNP: No PS/2 controller found. Probing ports directly.
Dec 14 14:12:00 icesc11 kernel: [    2.119761] i8042: No controller found
Dec 14 14:12:00 icesc11 kernel: [    2.119814] Refined TSC clocksource calibration: 2594.107 MHz.
Dec 14 14:12:00 icesc11 kernel: [    2.119816] Switching to clocksource tsc
Dec 14 14:12:00 icesc11 kernel: [    2.119897] mousedev: PS/2 mouse device common for all mice
Dec 14 14:12:00 icesc11 kernel: [    2.119932] rtc_cmos 00:06: RTC can wake from S4
Dec 14 14:12:00 icesc11 kernel: [    2.120037] rtc_cmos 00:06: rtc core: registered rtc_cmos as rtc0
Dec 14 14:12:00 icesc11 kernel: [    2.120068] rtc0: alarms up to one month, y3k, 242 bytes nvram, hpet irqs
Dec 14 14:12:00 icesc11 kernel: [    2.120133] cpuidle: using governor ladder
Dec 14 14:12:00 icesc11 kernel: [    2.120205] cpuidle: using governor menu
Dec 14 14:12:00 icesc11 kernel: [    2.120341] TCP cubic registered
Dec 14 14:12:00 icesc11 kernel: [    2.120409] NET: Registered protocol family 10
Dec 14 14:12:00 icesc11 kernel: [    2.120827] Mobile IPv6
Dec 14 14:12:00 icesc11 kernel: [    2.120829] NET: Registered protocol family 17
Dec 14 14:12:00 icesc11 kernel: [    2.120832] Registering the dns_resolver key type
Dec 14 14:12:00 icesc11 kernel: [    2.121032] PM: Hibernation image not present or could not be loaded.
Dec 14 14:12:00 icesc11 kernel: [    2.121041] registered taskstats version 1
Dec 14 14:12:00 icesc11 kernel: [    2.121581] rtc_cmos 00:06: setting system clock to 2017-12-14 05:11:56 UTC (1513228316)
Dec 14 14:12:00 icesc11 kernel: [    2.121640] Initializing network drop monitor service
Dec 14 14:12:00 icesc11 kernel: [    2.122453] Freeing unused kernel memory: 576k freed
Dec 14 14:12:00 icesc11 kernel: [    2.122507] Write protecting the kernel read-only data: 6144k
Dec 14 14:12:00 icesc11 kernel: [    2.124445] Freeing unused kernel memory: 652k freed
Dec 14 14:12:00 icesc11 kernel: [    2.126429] Freeing unused kernel memory: 688k freed
Dec 14 14:12:00 icesc11 kernel: [    2.150825] usbcore: registered new interface driver usbfs
Dec 14 14:12:00 icesc11 kernel: [    2.150855] usbcore: registered new interface driver hub
Dec 14 14:12:00 icesc11 kernel: [    2.158759] r8169 Gigabit Ethernet driver 2.3LK-NAPI loaded
Dec 14 14:12:00 icesc11 kernel: [    2.158828] r8169 0000:03:00.0: setting latency timer to 64
Dec 14 14:12:00 icesc11 kernel: [    2.158917] r8169 0000:03:00.0: irq 41 for MSI/MSI-X
Dec 14 14:12:00 icesc11 kernel: [    2.159362] r8169 0000:03:00.0: eth0: RTL8168evl/8111evl at 0xffffc90000650000, 80:ee:73:52:fc:92, XID 0c900800 IRQ 41
Dec 14 14:12:00 icesc11 kernel: [    2.159367] r8169 0000:03:00.0: eth0: jumbo features [frames: 9200 bytes, tx checksumming: ko]
Dec 14 14:12:00 icesc11 kernel: [    2.160125] usbcore: registered new device driver usb
Dec 14 14:12:00 icesc11 kernel: [    2.160497] SCSI subsystem initialized
Dec 14 14:12:00 icesc11 kernel: [    2.160543] ehci_hcd: USB 2.0 'Enhanced' Host Controller (EHCI) Driver
Dec 14 14:12:00 icesc11 kernel: [    2.160589] ehci_hcd 0000:00:1a.0: setting latency timer to 64
Dec 14 14:12:00 icesc11 kernel: [    2.160594] ehci_hcd 0000:00:1a.0: EHCI Host Controller
Dec 14 14:12:00 icesc11 kernel: [    2.160624] ehci_hcd 0000:00:1a.0: new USB bus registered, assigned bus number 1
Dec 14 14:12:00 icesc11 kernel: [    2.160660] ehci_hcd 0000:00:1a.0: debug port 2
Dec 14 14:12:00 icesc11 kernel: [    2.164108] r8169 Gigabit Ethernet driver 2.3LK-NAPI loaded
Dec 14 14:12:00 icesc11 kernel: [    2.164171] r8169 0000:05:00.0: setting latency timer to 64
Dec 14 14:12:00 icesc11 kernel: [    2.164271] r8169 0000:05:00.0: irq 42 for MSI/MSI-X
Dec 14 14:12:00 icesc11 kernel: [    2.164543] ehci_hcd 0000:00:1a.0: cache line size of 64 is not supported
Dec 14 14:12:00 icesc11 kernel: [    2.164713] r8169 0000:05:00.0: eth1: RTL8168evl/8111evl at 0xffffc90000654000, 80:ee:73:52:fc:91, XID 0c900800 IRQ 42
Dec 14 14:12:00 icesc11 kernel: [    2.164717] r8169 0000:05:00.0: eth1: jumbo features [frames: 9200 bytes, tx checksumming: ko]
Dec 14 14:12:00 icesc11 kernel: [    2.166043] ehci_hcd 0000:00:1a.0: irq 16, io mem 0xf7d08000
Dec 14 14:12:00 icesc11 kernel: [    2.169274] libata version 3.00 loaded.
Dec 14 14:12:00 icesc11 kernel: [    2.181634] ehci_hcd 0000:00:1a.0: USB 2.0 started, EHCI 1.00
Dec 14 14:12:00 icesc11 kernel: [    2.181664] usb usb1: New USB device found, idVendor=1d6b, idProduct=0002
Dec 14 14:12:00 icesc11 kernel: [    2.181667] usb usb1: New USB device strings: Mfr=3, Product=2, SerialNumber=1
Dec 14 14:12:00 icesc11 kernel: [    2.181669] usb usb1: Product: EHCI Host Controller
Dec 14 14:12:00 icesc11 kernel: [    2.181671] usb usb1: Manufacturer: Linux 3.2.0-4-amd64 ehci_hcd
Dec 14 14:12:00 icesc11 kernel: [    2.181673] usb usb1: SerialNumber: 0000:00:1a.0
Dec 14 14:12:00 icesc11 kernel: [    2.181833] hub 1-0:1.0: USB hub found
Dec 14 14:12:00 icesc11 kernel: [    2.181839] hub 1-0:1.0: 2 ports detected
Dec 14 14:12:00 icesc11 kernel: [    2.181955] ehci_hcd 0000:00:1d.0: setting latency timer to 64
Dec 14 14:12:00 icesc11 kernel: [    2.181959] ehci_hcd 0000:00:1d.0: EHCI Host Controller
Dec 14 14:12:00 icesc11 kernel: [    2.181968] ehci_hcd 0000:00:1d.0: new USB bus registered, assigned bus number 2
Dec 14 14:12:00 icesc11 kernel: [    2.181998] ehci_hcd 0000:00:1d.0: debug port 2
Dec 14 14:12:00 icesc11 kernel: [    2.182254] xhci_hcd 0000:04:00.0: setting latency timer to 64
Dec 14 14:12:00 icesc11 kernel: [    2.182259] xhci_hcd 0000:04:00.0: xHCI Host Controller
Dec 14 14:12:00 icesc11 kernel: [    2.182266] xhci_hcd 0000:04:00.0: new USB bus registered, assigned bus number 3
Dec 14 14:12:00 icesc11 kernel: [    2.185898] ehci_hcd 0000:00:1d.0: cache line size of 64 is not supported
Dec 14 14:12:00 icesc11 kernel: [    2.185921] ehci_hcd 0000:00:1d.0: irq 23, io mem 0xf7d07000
Dec 14 14:12:00 icesc11 kernel: [    2.192043] xhci_hcd 0000:04:00.0: irq 43 for MSI/MSI-X
Dec 14 14:12:00 icesc11 kernel: [    2.192047] xhci_hcd 0000:04:00.0: irq 44 for MSI/MSI-X
Dec 14 14:12:00 icesc11 kernel: [    2.192050] xhci_hcd 0000:04:00.0: irq 45 for MSI/MSI-X
Dec 14 14:12:00 icesc11 kernel: [    2.192054] xhci_hcd 0000:04:00.0: irq 46 for MSI/MSI-X
Dec 14 14:12:00 icesc11 kernel: [    2.192057] xhci_hcd 0000:04:00.0: irq 47 for MSI/MSI-X
Dec 14 14:12:00 icesc11 kernel: [    2.192164] usb usb3: New USB device found, idVendor=1d6b, idProduct=0002
Dec 14 14:12:00 icesc11 kernel: [    2.192166] usb usb3: New USB device strings: Mfr=3, Product=2, SerialNumber=1
Dec 14 14:12:00 icesc11 kernel: [    2.192167] usb usb3: Product: xHCI Host Controller
Dec 14 14:12:00 icesc11 kernel: [    2.192169] usb usb3: Manufacturer: Linux 3.2.0-4-amd64 xhci_hcd
Dec 14 14:12:00 icesc11 kernel: [    2.192170] usb usb3: SerialNumber: 0000:04:00.0
Dec 14 14:12:00 icesc11 kernel: [    2.192261] xHCI xhci_add_endpoint called for root hub
Dec 14 14:12:00 icesc11 kernel: [    2.192263] xHCI xhci_check_bandwidth called for root hub
Dec 14 14:12:00 icesc11 kernel: [    2.192286] hub 3-0:1.0: USB hub found
Dec 14 14:12:00 icesc11 kernel: [    2.192293] hub 3-0:1.0: 2 ports detected
Dec 14 14:12:00 icesc11 kernel: [    2.192347] xhci_hcd 0000:04:00.0: xHCI Host Controller
Dec 14 14:12:00 icesc11 kernel: [    2.192351] xhci_hcd 0000:04:00.0: new USB bus registered, assigned bus number 4
Dec 14 14:12:00 icesc11 kernel: [    2.192371] usb usb4: New USB device found, idVendor=1d6b, idProduct=0003
Dec 14 14:12:00 icesc11 kernel: [    2.192373] usb usb4: New USB device strings: Mfr=3, Product=2, SerialNumber=1
Dec 14 14:12:00 icesc11 kernel: [    2.192374] usb usb4: Product: xHCI Host Controller
Dec 14 14:12:00 icesc11 kernel: [    2.192376] usb usb4: Manufacturer: Linux 3.2.0-4-amd64 xhci_hcd
Dec 14 14:12:00 icesc11 kernel: [    2.192377] usb usb4: SerialNumber: 0000:04:00.0
Dec 14 14:12:00 icesc11 kernel: [    2.192456] xHCI xhci_add_endpoint called for root hub
Dec 14 14:12:00 icesc11 kernel: [    2.192458] xHCI xhci_check_bandwidth called for root hub
Dec 14 14:12:00 icesc11 kernel: [    2.192480] hub 4-0:1.0: USB hub found
Dec 14 14:12:00 icesc11 kernel: [    2.192487] hub 4-0:1.0: 2 ports detected
Dec 14 14:12:00 icesc11 kernel: [    2.193927] thermal LNXTHERM:00: registered as thermal_zone0
Dec 14 14:12:00 icesc11 kernel: [    2.193930] ACPI: Thermal Zone [TZ00] (28 C)
Dec 14 14:12:00 icesc11 kernel: [    2.194142] thermal LNXTHERM:01: registered as thermal_zone1
Dec 14 14:12:00 icesc11 kernel: [    2.194144] ACPI: Thermal Zone [TZ01] (30 C)
Dec 14 14:12:00 icesc11 kernel: [    2.194301] ACPI: Fan [FAN0] (off)
Dec 14 14:12:00 icesc11 kernel: [    2.194340] ACPI: Fan [FAN1] (off)
Dec 14 14:12:00 icesc11 kernel: [    2.194369] ACPI: Fan [FAN2] (off)
Dec 14 14:12:00 icesc11 kernel: [    2.194398] ACPI: Fan [FAN3] (off)
Dec 14 14:12:00 icesc11 kernel: [    2.194432] ACPI: Fan [FAN4] (off)
Dec 14 14:12:00 icesc11 kernel: [    2.201604] ehci_hcd 0000:00:1d.0: USB 2.0 started, EHCI 1.00
Dec 14 14:12:00 icesc11 kernel: [    2.201633] usb usb2: New USB device found, idVendor=1d6b, idProduct=0002
Dec 14 14:12:00 icesc11 kernel: [    2.201644] usb usb2: New USB device strings: Mfr=3, Product=2, SerialNumber=1
Dec 14 14:12:00 icesc11 kernel: [    2.201645] usb usb2: Product: EHCI Host Controller
Dec 14 14:12:00 icesc11 kernel: [    2.201647] usb usb2: Manufacturer: Linux 3.2.0-4-amd64 ehci_hcd
Dec 14 14:12:00 icesc11 kernel: [    2.201648] usb usb2: SerialNumber: 0000:00:1d.0
Dec 14 14:12:00 icesc11 kernel: [    2.201835] hub 2-0:1.0: USB hub found
Dec 14 14:12:00 icesc11 kernel: [    2.201841] hub 2-0:1.0: 2 ports detected
Dec 14 14:12:00 icesc11 kernel: [    2.201946] ahci 0000:00:1f.2: version 3.0
Dec 14 14:12:00 icesc11 kernel: [    2.202002] ahci 0000:00:1f.2: irq 48 for MSI/MSI-X
Dec 14 14:12:00 icesc11 kernel: [    2.217588] ahci 0000:00:1f.2: AHCI 0001.0300 32 slots 4 ports 3 Gbps 0x10 impl SATA mode
Dec 14 14:12:00 icesc11 kernel: [    2.217594] ahci 0000:00:1f.2: flags: 64bit ncq pm led clo pio slum part ems apst 
Dec 14 14:12:00 icesc11 kernel: [    2.217602] ahci 0000:00:1f.2: setting latency timer to 64
Dec 14 14:12:00 icesc11 kernel: [    2.218044] scsi0 : ahci
Dec 14 14:12:00 icesc11 kernel: [    2.218156] scsi1 : ahci
Dec 14 14:12:00 icesc11 kernel: [    2.218252] scsi2 : ahci
Dec 14 14:12:00 icesc11 kernel: [    2.218326] scsi3 : ahci
Dec 14 14:12:00 icesc11 kernel: [    2.218384] scsi4 : ahci
Dec 14 14:12:00 icesc11 kernel: [    2.218641] ata1: DUMMY
Dec 14 14:12:00 icesc11 kernel: [    2.218643] ata2: DUMMY
Dec 14 14:12:00 icesc11 kernel: [    2.218644] ata3: DUMMY
Dec 14 14:12:00 icesc11 kernel: [    2.218645] ata4: DUMMY
Dec 14 14:12:00 icesc11 kernel: [    2.218648] ata5: SATA max UDMA/133 abar m2048@0xf7d06000 port 0xf7d06300 irq 48
Dec 14 14:12:00 icesc11 kernel: [    2.493057] usb 1-1: new high-speed USB device number 2 using ehci_hcd
Dec 14 14:12:00 icesc11 kernel: [    2.536983] ata5: SATA link up 3.0 Gbps (SStatus 123 SControl 300)
Dec 14 14:12:00 icesc11 kernel: [    2.537399] ata5.00: ACPI cmd ef/10:06:00:00:00:00 (SET FEATURES) succeeded
Dec 14 14:12:00 icesc11 kernel: [    2.537406] ata5.00: ACPI cmd f5/00:00:00:00:00:00 (SECURITY FREEZE LOCK) filtered out
Dec 14 14:12:00 icesc11 kernel: [    2.537410] ata5.00: ACPI cmd b1/c1:00:00:00:00:00 (DEVICE CONFIGURATION OVERLAY) filtered out
Dec 14 14:12:00 icesc11 kernel: [    2.537692] ata5.00: ATA-8: PLEXTOR PX-64M5M, 1.02, max UDMA/133
Dec 14 14:12:00 icesc11 kernel: [    2.537697] ata5.00: 125045424 sectors, multi 16: LBA48 NCQ (depth 31/32), AA
Dec 14 14:12:00 icesc11 kernel: [    2.538140] ata5.00: ACPI cmd ef/10:06:00:00:00:00 (SET FEATURES) succeeded
Dec 14 14:12:00 icesc11 kernel: [    2.538146] ata5.00: ACPI cmd f5/00:00:00:00:00:00 (SECURITY FREEZE LOCK) filtered out
Dec 14 14:12:00 icesc11 kernel: [    2.538151] ata5.00: ACPI cmd b1/c1:00:00:00:00:00 (DEVICE CONFIGURATION OVERLAY) filtered out
Dec 14 14:12:00 icesc11 kernel: [    2.538389] ata5.00: configured for UDMA/133
Dec 14 14:12:00 icesc11 kernel: [    2.538520] scsi 4:0:0:0: Direct-Access     ATA      PLEXTOR PX-64M5M 1.02 PQ: 0 ANSI: 5
Dec 14 14:12:00 icesc11 kernel: [    2.541351] sd 4:0:0:0: [sda] 125045424 512-byte logical blocks: (64.0 GB/59.6 GiB)
Dec 14 14:12:00 icesc11 kernel: [    2.541401] sd 4:0:0:0: [sda] Write Protect is off
Dec 14 14:12:00 icesc11 kernel: [    2.541403] sd 4:0:0:0: [sda] Mode Sense: 00 3a 00 00
Dec 14 14:12:00 icesc11 kernel: [    2.541423] sd 4:0:0:0: [sda] Write cache: enabled, read cache: enabled, doesn't support DPO or FUA
Dec 14 14:12:00 icesc11 kernel: [    2.541802]  sda: sda1 sda2 sda3
Dec 14 14:12:00 icesc11 kernel: [    2.542055] sd 4:0:0:0: [sda] Attached SCSI disk
Dec 14 14:12:00 icesc11 kernel: [    2.543236] sd 4:0:0:0: Attached scsi generic sg0 type 0
Dec 14 14:12:00 icesc11 kernel: [    2.625151] usb 1-1: New USB device found, idVendor=8087, idProduct=0024
Dec 14 14:12:00 icesc11 kernel: [    2.625156] usb 1-1: New USB device strings: Mfr=0, Product=0, SerialNumber=0
Dec 14 14:12:00 icesc11 kernel: [    2.625424] hub 1-1:1.0: USB hub found
Dec 14 14:12:00 icesc11 kernel: [    2.625512] hub 1-1:1.0: 4 ports detected
Dec 14 14:12:00 icesc11 kernel: [    2.792502] usb 3-1: new low-speed USB device number 2 using xhci_hcd
Dec 14 14:12:00 icesc11 kernel: [    2.813812] usb 3-1: New USB device found, idVendor=192f, idProduct=0716
Dec 14 14:12:00 icesc11 kernel: [    2.813817] usb 3-1: New USB device strings: Mfr=1, Product=2, SerialNumber=0
Dec 14 14:12:00 icesc11 kernel: [    2.813820] usb 3-1: Product: USB LaserStream(TM) Mouse
Dec 14 14:12:00 icesc11 kernel: [    2.813822] usb 3-1: Manufacturer: Avago
Dec 14 14:12:00 icesc11 kernel: [    2.813968] usb 3-1: ep 0x81 - rounding interval to 64 microframes, ep desc says 80 microframes
Dec 14 14:12:00 icesc11 kernel: [    2.819342] input: Avago USB LaserStream(TM) Mouse as /devices/pci0000:00/0000:00:1c.2/0000:04:00.0/usb3/3-1/3-1:1.0/input/input0
Dec 14 14:12:00 icesc11 kernel: [    2.819431] generic-usb 0003:192F:0716.0001: input,hidraw0: USB HID v1.11 Mouse [Avago USB LaserStream(TM) Mouse] on usb-0000:04:00.0-1/input0
Dec 14 14:12:00 icesc11 kernel: [    2.819444] usbcore: registered new interface driver usbhid
Dec 14 14:12:00 icesc11 kernel: [    2.819445] usbhid: USB HID core driver
Dec 14 14:12:00 icesc11 kernel: [    2.980141] usb 3-2: new low-speed USB device number 3 using xhci_hcd
Dec 14 14:12:00 icesc11 kernel: [    3.001211] usb 3-2: New USB device found, idVendor=0566, idProduct=3002
Dec 14 14:12:00 icesc11 kernel: [    3.001216] usb 3-2: New USB device strings: Mfr=0, Product=0, SerialNumber=0
Dec 14 14:12:00 icesc11 kernel: [    3.001361] usb 3-2: ep 0x81 - rounding interval to 64 microframes, ep desc says 80 microframes
Dec 14 14:12:00 icesc11 kernel: [    3.001366] usb 3-2: ep 0x82 - rounding interval to 64 microframes, ep desc says 80 microframes
Dec 14 14:12:00 icesc11 kernel: [    3.005616] input: HID 0566:3002 as /devices/pci0000:00/0000:00:1c.2/0000:04:00.0/usb3/3-2/3-2:1.0/input/input1
Dec 14 14:12:00 icesc11 kernel: [    3.005715] generic-usb 0003:0566:3002.0002: input,hidraw1: USB HID v1.10 Keyboard [HID 0566:3002] on usb-0000:04:00.0-2/input0
Dec 14 14:12:00 icesc11 kernel: [    3.014273] input: HID 0566:3002 as /devices/pci0000:00/0000:00:1c.2/0000:04:00.0/usb3/3-2/3-2:1.1/input/input2
Dec 14 14:12:00 icesc11 kernel: [    3.014413] generic-usb 0003:0566:3002.0003: input,hiddev0,hidraw2: USB HID v1.10 Device [HID 0566:3002] on usb-0000:04:00.0-2/input1
Dec 14 14:12:00 icesc11 kernel: [    3.098630] kjournald starting.  Commit interval 5 seconds
Dec 14 14:12:00 icesc11 kernel: [    3.098653] EXT3-fs (sda1): mounted filesystem with ordered data mode
Dec 14 14:12:00 icesc11 kernel: [    3.102902] aufs: module is from the staging directory, the quality is unknown, you have been warned.
Dec 14 14:12:00 icesc11 kernel: [    3.103714] aufs 3.2-20130204
Dec 14 14:12:00 icesc11 kernel: [    3.123878] usb 2-1: new high-speed USB device number 2 using ehci_hcd
Dec 14 14:12:00 icesc11 kernel: [    3.255961] usb 2-1: New USB device found, idVendor=8087, idProduct=0024
Dec 14 14:12:00 icesc11 kernel: [    3.255965] usb 2-1: New USB device strings: Mfr=0, Product=0, SerialNumber=0
Dec 14 14:12:00 icesc11 kernel: [    3.256259] hub 2-1:1.0: USB hub found
Dec 14 14:12:00 icesc11 kernel: [    3.256482] hub 2-1:1.0: 6 ports detected
Dec 14 14:12:00 icesc11 kernel: [    3.327563] usb 1-1.2: new high-speed USB device number 3 using ehci_hcd
Dec 14 14:12:00 icesc11 kernel: [    3.423104] usb 1-1.2: New USB device found, idVendor=05e3, idProduct=0723
Dec 14 14:12:00 icesc11 kernel: [    3.423107] usb 1-1.2: New USB device strings: Mfr=3, Product=4, SerialNumber=0
Dec 14 14:12:00 icesc11 kernel: [    3.423109] usb 1-1.2: Product: USB Storage
Dec 14 14:12:00 icesc11 kernel: [    3.423111] usb 1-1.2: Manufacturer: Generic 
Dec 14 14:12:00 icesc11 kernel: [    3.430310] Initializing USB Mass Storage driver...
Dec 14 14:12:00 icesc11 kernel: [    3.435849] scsi5 : usb-storage 1-1.2:1.0
Dec 14 14:12:00 icesc11 kernel: [    3.435941] usbcore: registered new interface driver usb-storage
Dec 14 14:12:00 icesc11 kernel: [    3.435943] USB Mass Storage support registered.
Dec 14 14:12:00 icesc11 kernel: [    3.438025] input: Power Button as /devices/LNXSYSTM:00/LNXSYBUS:00/PNP0C0C:00/input/input3
Dec 14 14:12:00 icesc11 kernel: [    3.438031] ACPI: Power Button [PWRB]
Dec 14 14:12:00 icesc11 kernel: [    3.438094] input: Power Button as /devices/LNXSYSTM:00/LNXPWRBN:00/input/input4
Dec 14 14:12:00 icesc11 kernel: [    3.438099] ACPI: Power Button [PWRF]
Dec 14 14:12:00 icesc11 kernel: [    3.439285] ACPI: Requesting acpi_cpufreq
Dec 14 14:12:00 icesc11 kernel: [    3.452305] input: PC Speaker as /devices/platform/pcspkr/input/input5
Dec 14 14:12:00 icesc11 kernel: [    3.459498] ACPI: resource 0000:00:1f.3 [io  0xf040-0xf05f] conflicts with ACPI region SMBI [io 0xf040-0xf04f]
Dec 14 14:12:00 icesc11 kernel: [    3.459502] ACPI: If an ACPI driver is available for this device, you should use it instead of the native driver
Dec 14 14:12:00 icesc11 kernel: [    3.464740] iTCO_vendor_support: vendor-support=0
Dec 14 14:12:00 icesc11 kernel: [    3.466954] [drm] Initialized drm 1.1.0 20060810
Dec 14 14:12:00 icesc11 kernel: [    3.469769] iTCO_wdt: Intel TCO WatchDog Timer Driver v1.07
Dec 14 14:12:00 icesc11 kernel: [    3.469862] iTCO_wdt: Found a Cougar Point TCO device (Version=2, TCOBASE=0x0460)
Dec 14 14:12:00 icesc11 kernel: [    3.469995] iTCO_wdt: initialized. heartbeat=30 sec (nowayout=0)
Dec 14 14:12:00 icesc11 kernel: [    3.482536] Error: Driver 'pcspkr' is already registered, aborting...
Dec 14 14:12:00 icesc11 kernel: [    3.485274] i915 0000:00:02.0: setting latency timer to 64
Dec 14 14:12:00 icesc11 kernel: [    3.526186] mtrr: type mismatch for e0000000,10000000 old: write-back new: write-combining
Dec 14 14:12:00 icesc11 kernel: [    3.526189] [drm] MTRR allocation failed.  Graphics performance may suffer.
Dec 14 14:12:00 icesc11 kernel: [    3.526410] i915 0000:00:02.0: irq 49 for MSI/MSI-X
Dec 14 14:12:00 icesc11 kernel: [    3.526417] [drm] Supports vblank timestamp caching Rev 1 (10.10.2010).
Dec 14 14:12:00 icesc11 kernel: [    3.526419] [drm] Driver supports precise vblank timestamp query.
Dec 14 14:12:00 icesc11 kernel: [    3.527165] vgaarb: device changed decodes: PCI:0000:00:02.0,olddecodes=io+mem,decodes=io+mem:owns=io+mem
Dec 14 14:12:00 icesc11 kernel: [    3.569191] [drm] Enabling RC6 states: RC6 on, RC6p off, RC6pp off
Dec 14 14:12:00 icesc11 kernel: [    3.863089] fbcon: inteldrmfb (fb0) is primary device
Dec 14 14:12:00 icesc11 kernel: [    4.037221] Console: switching to colour frame buffer device 128x48
Dec 14 14:12:00 icesc11 kernel: [    4.040972] fb0: inteldrmfb frame buffer device
Dec 14 14:12:00 icesc11 kernel: [    4.040974] drm: registered panic notifier
Dec 14 14:12:00 icesc11 kernel: [    4.041809] acpi device:46: registered as cooling_device9
Dec 14 14:12:00 icesc11 kernel: [    4.042220] input: Video Bus as /devices/LNXSYSTM:00/LNXSYBUS:00/PNP0A08:00/LNXVIDEO:00/input/input6
Dec 14 14:12:00 icesc11 kernel: [    4.042283] ACPI: Video Device [GFX0] (multi-head: yes  rom: no  post: no)
Dec 14 14:12:00 icesc11 kernel: [    4.042304] [drm] Initialized i915 1.6.0 20080730 for 0000:00:02.0 on minor 0
Dec 14 14:12:00 icesc11 kernel: [    4.042464] snd_hda_intel 0000:00:1b.0: irq 50 for MSI/MSI-X
Dec 14 14:12:00 icesc11 kernel: [    4.042515] snd_hda_intel 0000:00:1b.0: setting latency timer to 64
Dec 14 14:12:00 icesc11 kernel: [    4.435056] scsi 5:0:0:0: Direct-Access     Generic  STORAGE DEVICE   9454 PQ: 0 ANSI: 0
Dec 14 14:12:00 icesc11 kernel: [    4.436403] sd 5:0:0:0: Attached scsi generic sg1 type 0
Dec 14 14:12:00 icesc11 kernel: [    4.437591] sd 5:0:0:0: [sdb] Attached SCSI removable disk
Dec 14 14:12:00 icesc11 kernel: [    4.583875] input: HDA Digital PCBeep as /devices/pci0000:00/0000:00:1b.0/input/input7
Dec 14 14:12:00 icesc11 kernel: [    4.591031] HDMI status: Codec=3 Pin=7 Presence_Detect=0 ELD_Valid=0
Dec 14 14:12:00 icesc11 kernel: [    4.591222] input: HDA Intel PCH HDMI/DP,pcm=3 as /devices/pci0000:00/0000:00:1b.0/sound/card0/input8
Dec 14 14:12:00 icesc11 kernel: [    4.591540] input: HDA Intel PCH Headphone as /devices/pci0000:00/0000:00:1b.0/sound/card0/input9
Dec 14 14:12:00 icesc11 kernel: [    4.880358] aufs au_opts_parse:1133:mount[872]: unknown option errors=remount-ro
Dec 14 14:12:00 icesc11 kernel: [    4.882553] aufs au_opts_parse:1133:mount[873]: unknown option errors=remount-ro
Dec 14 14:12:00 icesc11 kernel: [    4.908996] loop: module loaded
Dec 14 14:12:00 icesc11 kernel: [    5.252517] kjournald starting.  Commit interval 5 seconds
Dec 14 14:12:00 icesc11 kernel: [    5.252601] EXT3-fs (sda3): using internal journal
Dec 14 14:12:00 icesc11 kernel: [    5.252612] ext3_orphan_cleanup: deleting unreferenced inode 2062
Dec 14 14:12:00 icesc11 kernel: [    5.252654] ext3_orphan_cleanup: deleting unreferenced inode 2061
Dec 14 14:12:00 icesc11 kernel: [    5.252668] ext3_orphan_cleanup: deleting unreferenced inode 2060
Dec 14 14:12:00 icesc11 kernel: [    5.252677] ext3_orphan_cleanup: deleting unreferenced inode 2059
Dec 14 14:12:00 icesc11 kernel: [    5.252687] EXT3-fs (sda3): 4 orphan inodes deleted
Dec 14 14:12:00 icesc11 kernel: [    5.252689] EXT3-fs (sda3): recovery complete
Dec 14 14:12:00 icesc11 kernel: [    5.259124] EXT3-fs (sda3): mounted filesystem with ordered data mode
Dec 14 14:12:00 icesc11 kernel: [    5.548104] r8169 0000:03:00.0: firmware: agent loaded rtl_nic/rtl8168e-3.fw into memory
Dec 14 14:12:00 icesc11 kernel: [    5.624055] r8169 0000:03:00.0: eth0: link down
Dec 14 14:12:00 icesc11 kernel: [    5.624349] ADDRCONF(NETDEV_UP): eth0: link is not ready
Dec 14 14:12:00 icesc11 kernel: [    5.628491] r8169 0000:05:00.0: firmware: agent loaded rtl_nic/rtl8168e-3.fw into memory
Dec 14 14:12:00 icesc11 kernel: [    5.731859] r8169 0000:05:00.0: eth1: link down
Dec 14 14:12:00 icesc11 kernel: [    5.732182] ADDRCONF(NETDEV_UP): eth1: link is not ready
Dec 14 14:12:00 icesc11 kernel: [    5.745110] ip_tables: (C) 2000-2006 Netfilter Core Team
Dec 14 14:12:00 icesc11 kernel: [    5.748497] nf_conntrack version 0.5.0 (16384 buckets, 65536 max)
Dec 14 14:12:00 icesc11 kernel: [    5.760524] ip6_tables: (C) 2000-2006 Netfilter Core Team
Dec 14 14:12:00 icesc11 /usr/sbin/cron[2134]: (CRON) INFO (pidfile fd = 3)
Dec 14 14:12:00 icesc11 /usr/sbin/cron[2135]: (CRON) STARTUP (fork ok)
Dec 14 14:12:00 icesc11 /usr/sbin/cron[2135]: (CRON) INFO (Running @reboot jobs)
Dec 14 14:12:00 icesc11 ntpd[2132]: ntpd 4.2.6p5@1.2349-o Sat May 12 09:54:55 UTC 2012 (1)
Dec 14 14:12:00 icesc11 ntpd[2145]: proto: precision = 0.148 usec
Dec 14 14:12:00 icesc11 ntpd[2145]: Listen and drop on 0 v4wildcard 0.0.0.0 UDP 123
Dec 14 14:12:00 icesc11 ntpd[2145]: Listen and drop on 1 v6wildcard :: UDP 123
Dec 14 14:12:00 icesc11 ntpd[2145]: Listen normally on 2 lo 127.0.0.1 UDP 123
Dec 14 14:12:00 icesc11 ntpd[2145]: Listen normally on 3 eth0 192.168.100.11 UDP 123
Dec 14 14:12:00 icesc11 ntpd[2145]: Listen normally on 4 eth1 192.168.200.1 UDP 123
Dec 14 14:12:00 icesc11 ntpd[2145]: peers refreshed
Dec 14 14:12:00 icesc11 ntpd[2145]: Listening on routing socket on fd #21 for interface updates
Dec 14 14:12:00 icesc11 acpid: starting up with netlink and the input layer
Dec 14 14:12:00 icesc11 acpid: 1 rule loaded
Dec 14 14:12:00 icesc11 acpid: waiting for events: event logging is off
Dec 14 14:12:01 icesc11 kernel: [    7.231685] r8169 0000:03:00.0: eth0: link up
Dec 14 14:12:01 icesc11 kernel: [    7.232065] ADDRCONF(NETDEV_CHANGE): eth0: link becomes ready
Dec 14 14:12:02 icesc11 kernel: [    7.691013] r8169 0000:05:00.0: eth1: link up
Dec 14 14:12:02 icesc11 kernel: [    7.691390] ADDRCONF(NETDEV_CHANGE): eth1: link becomes ready
Dec 14 14:13:06 icesc11 kernel: [   71.674233] [OUTPUT-SIGNAL] IN= OUT=eth0 SRC=192.168.100.11 DST=192.168.100.1 LEN=76 TOS=0x00 PREC=0xC0 TTL=64 ID=0 DF PROTO=UDP SPT=123 DPT=123 LEN=56 
Dec 14 14:13:08 icesc11 kernel: [   73.577446] [INPUT-SIGNAL] IN=eth0 OUT= MAC=80:ee:73:52:fc:92:80:ee:73:52:ea:79:08:00 SRC=192.168.100.20 DST=192.168.100.11 LEN=60 TOS=0x00 PREC=0x00 TTL=64 ID=143 DF PROTO=TCP SPT=57540 DPT=22 WINDOW=14600 RES=0x00 SYN URGP=0 
Dec 14 14:13:08 icesc11 kernel: [   73.577486] [OUTPUT-SIGNAL] IN= OUT=eth0 SRC=192.168.100.11 DST=192.168.100.20 LEN=60 TOS=0x00 PREC=0x00 TTL=64 ID=0 DF PROTO=TCP SPT=22 DPT=57540 WINDOW=14480 RES=0x00 ACK SYN URGP=0 
Dec 14 14:13:08 icesc11 kernel: [   73.577806] [INPUT-SIGNAL] IN=eth0 OUT= MAC=80:ee:73:52:fc:92:80:ee:73:52:ea:79:08:00 SRC=192.168.100.20 DST=192.168.100.11 LEN=52 TOS=0x00 PREC=0x00 TTL=64 ID=144 DF PROTO=TCP SPT=57540 DPT=22 WINDOW=115 RES=0x00 ACK URGP=0 
Dec 14 14:13:08 icesc11 kernel: [   73.585462] [OUTPUT-SIGNAL] IN= OUT=eth0 SRC=192.168.100.11 DST=192.168.100.20 LEN=84 TOS=0x00 PREC=0x00 TTL=64 ID=35764 DF PROTO=TCP SPT=22 DPT=57540 WINDOW=227 RES=0x00 ACK PSH URGP=0 
Dec 14 14:13:08 icesc11 kernel: [   73.585702] [INPUT-SIGNAL] IN=eth0 OUT= MAC=80:ee:73:52:fc:92:80:ee:73:52:ea:79:08:00 SRC=192.168.100.20 DST=192.168.100.11 LEN=52 TOS=0x00 PREC=0x00 TTL=64 ID=145 DF PROTO=TCP SPT=57540 DPT=22 WINDOW=115 RES=0x00 ACK URGP=0 
Dec 14 14:13:08 icesc11 kernel: [   73.585728] [INPUT-SIGNAL] IN=eth0 OUT= MAC=80:ee:73:52:fc:92:80:ee:73:52:ea:79:08:00 SRC=192.168.100.20 DST=192.168.100.11 LEN=73 TOS=0x00 PREC=0x00 TTL=64 ID=146 DF PROTO=TCP SPT=57540 DPT=22 WINDOW=115 RES=0x00 ACK PSH URGP=0 
Dec 14 14:13:08 icesc11 kernel: [   73.585762] [OUTPUT-SIGNAL] IN= OUT=eth0 SRC=192.168.100.11 DST=192.168.100.20 LEN=52 TOS=0x00 PREC=0x00 TTL=64 ID=35765 DF PROTO=TCP SPT=22 DPT=57540 WINDOW=227 RES=0x00 ACK URGP=0 
Dec 14 14:13:08 icesc11 kernel: [   73.586077] [INPUT-SIGNAL] IN=eth0 OUT= MAC=80:ee:73:52:fc:92:80:ee:73:52:ea:79:08:00 SRC=192.168.100.20 DST=192.168.100.11 LEN=916 TOS=0x00 PREC=0x00 TTL=64 ID=147 DF PROTO=TCP SPT=57540 DPT=22 WINDOW=115 RES=0x00 ACK PSH URGP=0 
Dec 14 14:13:08 icesc11 kernel: [   73.586093] [OUTPUT-SIGNAL] IN= OUT=eth0 SRC=192.168.100.11 DST=192.168.100.20 LEN=52 TOS=0x00 PREC=0x00 TTL=64 ID=35766 DF PROTO=TCP SPT=22 DPT=57540 WINDOW=254 RES=0x00 ACK URGP=0 
Dec 14 14:13:08 icesc11 kernel: [   73.586489] [OUTPUT-SIGNAL] IN= OUT=eth0 SRC=192.168.100.11 DST=192.168.100.20 LEN=1036 TOS=0x00 PREC=0x00 TTL=64 ID=35767 DF PROTO=TCP SPT=22 DPT=57540 WINDOW=254 RES=0x00 ACK PSH URGP=0 
Dec 14 14:13:08 icesc11 kernel: [   73.587032] [INPUT-SIGNAL] IN=eth0 OUT= MAC=80:ee:73:52:fc:92:80:ee:73:52:ea:79:08:00 SRC=192.168.100.20 DST=192.168.100.11 LEN=76 TOS=0x00 PREC=0x00 TTL=64 ID=148 DF PROTO=TCP SPT=57540 DPT=22 WINDOW=130 RES=0x00 ACK PSH URGP=0 
Dec 14 14:13:08 icesc11 kernel: [   73.589515] [OUTPUT-SIGNAL] IN= OUT=eth0 SRC=192.168.100.11 DST=192.168.100.20 LEN=332 TOS=0x00 PREC=0x00 TTL=64 ID=35768 DF PROTO=TCP SPT=22 DPT=57540 WINDOW=254 RES=0x00 ACK PSH URGP=0 
Dec 14 14:13:08 icesc11 kernel: [   73.591748] [INPUT-SIGNAL] IN=eth0 OUT= MAC=80:ee:73:52:fc:92:80:ee:73:52:ea:79:08:00 SRC=192.168.100.20 DST=192.168.100.11 LEN=324 TOS=0x00 PREC=0x00 TTL=64 ID=149 DF PROTO=TCP SPT=57540 DPT=22 WINDOW=145 RES=0x00 ACK PSH URGP=0 
Dec 14 14:13:08 icesc11 kernel: [   73.596621] [OUTPUT-SIGNAL] IN= OUT=eth0 SRC=192.168.100.11 DST=192.168.100.20 LEN=900 TOS=0x00 PREC=0x00 TTL=64 ID=35769 DF PROTO=TCP SPT=22 DPT=57540 WINDOW=281 RES=0x00 ACK PSH URGP=0 
Dec 14 14:13:08 icesc11 kernel: [   73.600893] [INPUT-SIGNAL] IN=eth0 OUT= MAC=80:ee:73:52:fc:92:80:ee:73:52:ea:79:08:00 SRC=192.168.100.20 DST=192.168.100.11 LEN=68 TOS=0x00 PREC=0x00 TTL=64 ID=150 DF PROTO=TCP SPT=57540 DPT=22 WINDOW=161 RES=0x00 ACK PSH URGP=0 
Dec 14 14:13:08 icesc11 kernel: [   73.639284] [OUTPUT-SIGNAL] IN= OUT=eth0 SRC=192.168.100.11 DST=192.168.100.20 LEN=52 TOS=0x00 PREC=0x00 TTL=64 ID=35770 DF PROTO=TCP SPT=22 DPT=57540 WINDOW=281 RES=0x00 ACK URGP=0 
Dec 14 14:13:08 icesc11 kernel: [   73.639483] [INPUT-SIGNAL] IN=eth0 OUT= MAC=80:ee:73:52:fc:92:80:ee:73:52:ea:79:08:00 SRC=192.168.100.20 DST=192.168.100.11 LEN=104 TOS=0x00 PREC=0x00 TTL=64 ID=151 DF PROTO=TCP SPT=57540 DPT=22 WINDOW=161 RES=0x00 ACK PSH URGP=0 
Dec 14 14:13:08 icesc11 kernel: [   73.639507] [OUTPUT-SIGNAL] IN= OUT=eth0 SRC=192.168.100.11 DST=192.168.100.20 LEN=52 TOS=0x00 PREC=0x00 TTL=64 ID=35771 DF PROTO=TCP SPT=22 DPT=57540 WINDOW=281 RES=0x00 ACK URGP=0 
Dec 14 14:13:08 icesc11 kernel: [   73.639560] [OUTPUT-SIGNAL] IN= OUT=eth0 SRC=192.168.100.11 DST=192.168.100.20 LEN=104 TOS=0x00 PREC=0x00 TTL=64 ID=35772 DF PROTO=TCP SPT=22 DPT=57540 WINDOW=281 RES=0x00 ACK PSH URGP=0 
Dec 14 14:13:08 icesc11 kernel: [   73.639927] [INPUT-SIGNAL] IN=eth0 OUT= MAC=80:ee:73:52:fc:92:80:ee:73:52:ea:79:08:00 SRC=192.168.100.20 DST=192.168.100.11 LEN=120 TOS=0x00 PREC=0x00 TTL=64 ID=152 DF PROTO=TCP SPT=57540 DPT=22 WINDOW=161 RES=0x00 ACK PSH URGP=0 
Dec 14 14:13:08 icesc11 kernel: [   73.640632] [OUTPUT-SIGNAL] IN= OUT=eth0 SRC=192.168.100.11 DST=192.168.100.20 LEN=120 TOS=0x00 PREC=0x00 TTL=64 ID=35773 DF PROTO=TCP SPT=22 DPT=57540 WINDOW=281 RES=0x00 ACK PSH URGP=0 
Dec 14 14:13:08 icesc11 kernel: [   73.680211] [INPUT-SIGNAL] IN=eth0 OUT= MAC=80:ee:73:52:fc:92:80:ee:73:52:ea:79:08:00 SRC=192.168.100.20 DST=192.168.100.11 LEN=52 TOS=0x00 PREC=0x00 TTL=64 ID=153 DF PROTO=TCP SPT=57540 DPT=22 WINDOW=161 RES=0x00 ACK URGP=0 
Dec 14 14:13:14 icesc11 kernel: [   80.174071] [INPUT-SIGNAL] IN=eth0 OUT= MAC=80:ee:73:52:fc:92:80:ee:73:52:ea:79:08:00 SRC=192.168.100.20 DST=192.168.100.11 LEN=200 TOS=0x00 PREC=0x00 TTL=64 ID=154 DF PROTO=TCP SPT=57540 DPT=22 WINDOW=161 RES=0x00 ACK PSH URGP=0 
Dec 14 14:13:14 icesc11 kernel: [   80.188556] [OUTPUT-SIGNAL] IN= OUT=eth0 SRC=192.168.100.11 DST=192.168.100.20 LEN=88 TOS=0x00 PREC=0x00 TTL=64 ID=35774 DF PROTO=TCP SPT=22 DPT=57540 WINDOW=308 RES=0x00 ACK PSH URGP=0 
Dec 14 14:13:14 icesc11 kernel: [   80.188745] [INPUT-SIGNAL] IN=eth0 OUT= MAC=80:ee:73:52:fc:92:80:ee:73:52:ea:79:08:00 SRC=192.168.100.20 DST=192.168.100.11 LEN=52 TOS=0x00 PREC=0x00 TTL=64 ID=155 DF PROTO=TCP SPT=57540 DPT=22 WINDOW=161 RES=0x00 ACK URGP=0 
Dec 14 14:13:14 icesc11 kernel: [   80.188962] [INPUT-SIGNAL] IN=eth0 OUT= MAC=80:ee:73:52:fc:92:80:ee:73:52:ea:79:08:00 SRC=192.168.100.20 DST=192.168.100.11 LEN=188 TOS=0x00 PREC=0x00 TTL=64 ID=156 DF PROTO=TCP SPT=57540 DPT=22 WINDOW=161 RES=0x00 ACK PSH URGP=0 
Dec 14 14:13:14 icesc11 kernel: [   80.189663] [OUTPUT-SIGNAL] IN= OUT=eth0 SRC=192.168.100.11 DST=192.168.100.20 LEN=104 TOS=0x00 PREC=0x00 TTL=64 ID=35775 DF PROTO=TCP SPT=22 DPT=57540 WINDOW=335 RES=0x00 ACK PSH URGP=0 
Dec 14 14:13:14 icesc11 kernel: [   80.190187] [INPUT-SIGNAL] IN=eth0 OUT= MAC=80:ee:73:52:fc:92:80:ee:73:52:ea:79:08:00 SRC=192.168.100.20 DST=192.168.100.11 LEN=580 TOS=0x10 PREC=0x00 TTL=64 ID=157 DF PROTO=TCP SPT=57540 DPT=22 WINDOW=161 RES=0x00 ACK PSH URGP=0 
Dec 14 14:13:14 icesc11 kernel: [   80.190778] [OUTPUT-SIGNAL] IN= OUT=eth0 SRC=192.168.100.11 DST=192.168.100.20 LEN=176 TOS=0x10 PREC=0x00 TTL=64 ID=35776 DF PROTO=TCP SPT=22 DPT=57540 WINDOW=362 RES=0x00 ACK PSH URGP=0 
Dec 14 14:13:14 icesc11 kernel: [   80.191452] [OUTPUT-SIGNAL] IN= OUT=eth0 SRC=192.168.100.11 DST=192.168.100.20 LEN=456 TOS=0x10 PREC=0x00 TTL=64 ID=35777 DF PROTO=TCP SPT=22 DPT=57540 WINDOW=362 RES=0x00 ACK PSH URGP=0 
Dec 14 14:13:14 icesc11 kernel: [   80.191485] [OUTPUT-SIGNAL] IN= OUT=eth0 SRC=192.168.100.11 DST=192.168.100.20 LEN=136 TOS=0x10 PREC=0x00 TTL=64 ID=35778 DF PROTO=TCP SPT=22 DPT=57540 WINDOW=362 RES=0x00 ACK PSH URGP=0 
Dec 14 14:13:14 icesc11 kernel: [   80.191826] [INPUT-SIGNAL] IN=eth0 OUT= MAC=80:ee:73:52:fc:92:80:ee:73:52:ea:79:08:00 SRC=192.168.100.20 DST=192.168.100.11 LEN=52 TOS=0x10 PREC=0x00 TTL=64 ID=158 DF PROTO=TCP SPT=57540 DPT=22 WINDOW=176 RES=0x00 ACK URGP=0 
Dec 14 14:13:14 icesc11 kernel: [   80.199972] [OUTPUT-SIGNAL] IN= OUT=eth0 SRC=192.168.100.11 DST=192.168.100.20 LEN=120 TOS=0x10 PREC=0x00 TTL=64 ID=35779 DF PROTO=TCP SPT=22 DPT=57540 WINDOW=362 RES=0x00 ACK PSH URGP=0 
Dec 14 14:13:14 icesc11 kernel: [   80.239754] [INPUT-SIGNAL] IN=eth0 OUT= MAC=80:ee:73:52:fc:92:80:ee:73:52:ea:79:08:00 SRC=192.168.100.20 DST=192.168.100.11 LEN=52 TOS=0x10 PREC=0x00 TTL=64 ID=159 DF PROTO=TCP SPT=57540 DPT=22 WINDOW=176 RES=0x00 ACK URGP=0 
Dec 14 14:13:15 icesc11 kernel: [   81.248923] [INPUT-SIGNAL] IN=eth0 OUT= MAC=80:ee:73:52:fc:92:80:ee:73:52:ea:79:08:00 SRC=192.168.100.20 DST=192.168.100.11 LEN=104 TOS=0x10 PREC=0x00 TTL=64 ID=160 DF PROTO=TCP SPT=57540 DPT=22 WINDOW=176 RES=0x00 ACK PSH URGP=0 
Dec 14 14:13:15 icesc11 kernel: [   81.249740] [OUTPUT-SIGNAL] IN= OUT=eth0 SRC=192.168.100.11 DST=192.168.100.20 LEN=240 TOS=0x10 PREC=0x00 TTL=64 ID=35780 DF PROTO=TCP SPT=22 DPT=57540 WINDOW=362 RES=0x00 ACK PSH URGP=0 
Dec 14 14:13:15 icesc11 kernel: [   81.249773] [OUTPUT-SIGNAL] IN= OUT=eth0 SRC=192.168.100.11 DST=192.168.100.20 LEN=124 TOS=0x10 PREC=0x00 TTL=64 ID=35781 DF PROTO=TCP SPT=22 DPT=57540 WINDOW=362 RES=0x00 ACK PSH URGP=0 
Dec 14 14:13:15 icesc11 kernel: [   81.250047] [INPUT-SIGNAL] IN=eth0 OUT= MAC=80:ee:73:52:fc:92:80:ee:73:52:ea:79:08:00 SRC=192.168.100.20 DST=192.168.100.11 LEN=52 TOS=0x10 PREC=0x00 TTL=64 ID=161 DF PROTO=TCP SPT=57540 DPT=22 WINDOW=191 RES=0x00 ACK URGP=0 
Dec 14 14:13:15 icesc11 kernel: [   81.250076] [INPUT-SIGNAL] IN=eth0 OUT= MAC=80:ee:73:52:fc:92:80:ee:73:52:ea:79:08:00 SRC=192.168.100.20 DST=192.168.100.11 LEN=52 TOS=0x10 PREC=0x00 TTL=64 ID=162 DF PROTO=TCP SPT=57540 DPT=22 WINDOW=191 RES=0x00 ACK URGP=0 
Dec 14 14:13:15 icesc11 kernel: [   81.250095] [INPUT-SIGNAL] IN=eth0 OUT= MAC=80:ee:73:52:fc:92:80:ee:73:52:ea:79:08:00 SRC=192.168.100.20 DST=192.168.100.11 LEN=88 TOS=0x10 PREC=0x00 TTL=64 ID=163 DF PROTO=TCP SPT=57540 DPT=22 WINDOW=191 RES=0x00 ACK PSH URGP=0 
Dec 14 14:13:15 icesc11 kernel: [   81.250114] [INPUT-SIGNAL] IN=eth0 OUT= MAC=80:ee:73:52:fc:92:80:ee:73:52:ea:79:08:00 SRC=192.168.100.20 DST=192.168.100.11 LEN=120 TOS=0x10 PREC=0x00 TTL=64 ID=164 DF PROTO=TCP SPT=57540 DPT=22 WINDOW=191 RES=0x00 ACK PSH URGP=0 
Dec 14 14:13:15 icesc11 kernel: [   81.250129] [INPUT-SIGNAL] IN=eth0 OUT= MAC=80:ee:73:52:fc:92:80:ee:73:52:ea:79:08:00 SRC=192.168.100.20 DST=192.168.100.11 LEN=52 TOS=0x10 PREC=0x00 TTL=64 ID=165 DF PROTO=TCP SPT=57540 DPT=22 WINDOW=191 RES=0x00 ACK FIN URGP=0 
Dec 14 14:13:15 icesc11 kernel: [   81.250166] [OUTPUT-SIGNAL] IN= OUT=eth0 SRC=192.168.100.11 DST=192.168.100.20 LEN=52 TOS=0x10 PREC=0x00 TTL=64 ID=35782 DF PROTO=TCP SPT=22 DPT=57540 WINDOW=362 RES=0x00 ACK URGP=0 
Dec 14 14:13:15 icesc11 kernel: [   81.250868] [OUTPUT-SIGNAL] IN= OUT=eth0 SRC=192.168.100.11 DST=192.168.100.20 LEN=52 TOS=0x10 PREC=0x00 TTL=64 ID=35783 DF PROTO=TCP SPT=22 DPT=57540 WINDOW=362 RES=0x00 ACK FIN URGP=0 
Dec 14 14:13:15 icesc11 kernel: [   81.251008] [INPUT-SIGNAL] IN=eth0 OUT= MAC=80:ee:73:52:fc:92:80:ee:73:52:ea:79:08:00 SRC=192.168.100.20 DST=192.168.100.11 LEN=52 TOS=0x10 PREC=0x00 TTL=64 ID=0 DF PROTO=TCP SPT=57540 DPT=22 WINDOW=191 RES=0x00 ACK URGP=0 
Dec 14 14:13:19 icesc11 kernel: [   85.347065] [FORWARD-SIGNAL] IN=eth1 OUT=eth0 MAC=80:ee:73:52:fc:91:00:90:cc:c2:f2:1d:08:00 SRC=192.168.200.2 DST=72.246.189.8 LEN=52 TOS=0x00 PREC=0x00 TTL=63 ID=39780 DF PROTO=TCP SPT=45145 DPT=80 WINDOW=123 RES=0x00 ACK FIN URGP=0 
Dec 14 14:13:21 icesc11 kernel: [   87.361390] [INPUT-SIGNAL] IN=eth0 OUT= MAC=80:ee:73:52:fc:92:80:ee:73:52:ea:79:08:00 SRC=192.168.100.20 DST=192.168.100.11 LEN=84 TOS=0x00 PREC=0x00 TTL=64 ID=0 DF PROTO=ICMP TYPE=8 CODE=0 ID=58910 SEQ=1 
Dec 14 14:13:22 icesc11 kernel: [   88.368444] [INPUT-SIGNAL] IN=eth0 OUT= MAC=80:ee:73:52:fc:92:80:ee:73:52:ea:79:08:00 SRC=192.168.100.20 DST=192.168.100.11 LEN=84 TOS=0x00 PREC=0x00 TTL=64 ID=0 DF PROTO=ICMP TYPE=8 CODE=0 ID=58910 SEQ=2 
Dec 14 14:13:23 icesc11 kernel: [   89.366495] [INPUT-SIGNAL] IN=eth0 OUT= MAC=80:ee:73:52:fc:92:80:ee:73:52:ea:79:08:00 SRC=192.168.100.20 DST=192.168.100.11 LEN=84 TOS=0x00 PREC=0x00 TTL=64 ID=0 DF PROTO=ICMP TYPE=8 CODE=0 ID=58910 SEQ=3 
Dec 14 14:13:24 icesc11 kernel: [   90.364559] [INPUT-SIGNAL] IN=eth0 OUT= MAC=80:ee:73:52:fc:92:80:ee:73:52:ea:79:08:00 SRC=192.168.100.20 DST=192.168.100.11 LEN=84 TOS=0x00 PREC=0x00 TTL=64 ID=0 DF PROTO=ICMP TYPE=8 CODE=0 ID=58910 SEQ=4 
Dec 14 14:13:25 icesc11 kernel: [   91.362650] [INPUT-SIGNAL] IN=eth0 OUT= MAC=80:ee:73:52:fc:92:80:ee:73:52:ea:79:08:00 SRC=192.168.100.20 DST=192.168.100.11 LEN=84 TOS=0x00 PREC=0x00 TTL=64 ID=0 DF PROTO=ICMP TYPE=8 CODE=0 ID=58910 SEQ=5 
Dec 14 14:13:29 icesc11 kernel: [   95.365225] usb 3-1: USB disconnect, device number 2
Dec 14 14:13:30 icesc11 kernel: [   95.594040] usb 3-2: USB disconnect, device number 3
Dec 14 14:13:30 icesc11 acpid: input device has been disconnected, fd 4
Dec 14 14:13:30 icesc11 acpid: input device has been disconnected, fd 5
Dec 14 14:13:32 icesc11 kernel: [   98.305321] [FORWARD-SIGNAL] IN=eth1 OUT=eth0 MAC=80:ee:73:52:fc:91:00:90:cc:c2:f2:1d:08:00 SRC=192.168.200.2 DST=10.10.1.2 LEN=69 TOS=0x00 PREC=0x00 TTL=63 ID=64795 DF PROTO=UDP SPT=39470 DPT=53 LEN=49 
Dec 14 14:13:32 icesc11 kernel: [   98.306330] [FORWARD-SIGNAL] IN=eth0 OUT=eth1 MAC=80:ee:73:52:fc:92:00:0a:85:04:91:46:08:00 SRC=10.10.1.2 DST=192.168.200.2 LEN=246 TOS=0x00 PREC=0x00 TTL=62 ID=24159 PROTO=UDP SPT=53 DPT=39470 LEN=226 
Dec 14 14:13:32 icesc11 kernel: [   98.306575] [FORWARD-SIGNAL] IN=eth1 OUT=eth0 MAC=80:ee:73:52:fc:91:00:90:cc:c2:f2:1d:08:00 SRC=192.168.200.2 DST=133.6.202.31 LEN=60 TOS=0x00 PREC=0x00 TTL=63 ID=42248 DF PROTO=TCP SPT=40718 DPT=80 WINDOW=14600 RES=0x00 SYN URGP=0 
Dec 14 14:13:32 icesc11 kernel: [   98.308108] [FORWARD-SIGNAL] IN=eth0 OUT=eth1 MAC=80:ee:73:52:fc:92:00:0a:85:04:91:46:08:00 SRC=133.6.202.31 DST=192.168.200.2 LEN=60 TOS=0x00 PREC=0x00 TTL=59 ID=0 DF PROTO=TCP SPT=80 DPT=40718 WINDOW=14480 RES=0x00 ACK SYN URGP=0 
Dec 14 14:13:32 icesc11 kernel: [   98.308204] [FORWARD-SIGNAL] IN=eth1 OUT=eth0 MAC=80:ee:73:52:fc:91:00:90:cc:c2:f2:1d:08:00 SRC=192.168.200.2 DST=133.6.202.31 LEN=52 TOS=0x00 PREC=0x00 TTL=63 ID=42249 DF PROTO=TCP SPT=40718 DPT=80 WINDOW=115 RES=0x00 ACK URGP=0 
Dec 14 14:13:34 icesc11 kernel: [   99.505141] [FORWARD-SIGNAL] IN=eth0 OUT=eth1 MAC=80:ee:73:52:fc:92:00:0a:85:04:91:46:08:00 SRC=133.6.202.31 DST=192.168.200.2 LEN=60 TOS=0x00 PREC=0x00 TTL=59 ID=0 DF PROTO=TCP SPT=80 DPT=40718 WINDOW=14480 RES=0x00 ACK SYN URGP=0 
Dec 14 14:13:34 icesc11 kernel: [   99.505349] [FORWARD-SIGNAL] IN=eth1 OUT=eth0 MAC=80:ee:73:52:fc:91:00:90:cc:c2:f2:1d:08:00 SRC=192.168.200.2 DST=133.6.202.31 LEN=52 TOS=0x00 PREC=0x00 TTL=63 ID=42250 DF PROTO=TCP SPT=40718 DPT=80 WINDOW=115 RES=0x00 ACK URGP=0 
Dec 14 14:13:37 icesc11 kernel: [  103.298574] [FORWARD-SIGNAL] IN=eth1 OUT=eth0 MAC=80:ee:73:52:fc:91:00:90:cc:c2:f2:1d:08:00 SRC=192.168.200.2 DST=133.6.202.31 LEN=52 TOS=0x00 PREC=0x00 TTL=63 ID=42251 DF PROTO=TCP SPT=40718 DPT=80 WINDOW=115 RES=0x00 ACK FIN URGP=0 
Dec 14 14:13:37 icesc11 kernel: [  103.299870] [FORWARD-SIGNAL] IN=eth0 OUT=eth1 MAC=80:ee:73:52:fc:92:00:0a:85:04:91:46:08:00 SRC=133.6.202.31 DST=192.168.200.2 LEN=52 TOS=0x00 PREC=0x00 TTL=59 ID=19440 DF PROTO=TCP SPT=80 DPT=40718 WINDOW=453 RES=0x00 ACK FIN URGP=0 
Dec 14 14:13:37 icesc11 kernel: [  103.300026] [FORWARD-SIGNAL] IN=eth1 OUT=eth0 MAC=80:ee:73:52:fc:91:00:90:cc:c2:f2:1d:08:00 SRC=192.168.200.2 DST=133.6.202.31 LEN=52 TOS=0x00 PREC=0x00 TTL=63 ID=42252 DF PROTO=TCP SPT=40718 DPT=80 WINDOW=115 RES=0x00 ACK URGP=0 
Dec 14 14:13:38 icesc11 kernel: [  103.481638] [FORWARD-SIGNAL] IN=eth1 OUT=eth0 MAC=80:ee:73:52:fc:91:00:90:cc:c2:f2:1d:08:00 SRC=192.168.200.2 DST=133.6.202.31 LEN=60 TOS=0x00 PREC=0x00 TTL=63 ID=23765 DF PROTO=TCP SPT=40719 DPT=80 WINDOW=14600 RES=0x00 SYN URGP=0 
Dec 14 14:13:38 icesc11 kernel: [  103.483081] [FORWARD-SIGNAL] IN=eth0 OUT=eth1 MAC=80:ee:73:52:fc:92:00:0a:85:04:91:46:08:00 SRC=133.6.202.31 DST=192.168.200.2 LEN=60 TOS=0x00 PREC=0x00 TTL=59 ID=0 DF PROTO=TCP SPT=80 DPT=40719 WINDOW=14480 RES=0x00 ACK SYN URGP=0 
Dec 14 14:13:38 icesc11 kernel: [  103.483158] [FORWARD-SIGNAL] IN=eth1 OUT=eth0 MAC=80:ee:73:52:fc:91:00:90:cc:c2:f2:1d:08:00 SRC=192.168.200.2 DST=133.6.202.31 LEN=52 TOS=0x00 PREC=0x00 TTL=63 ID=23766 DF PROTO=TCP SPT=40719 DPT=80 WINDOW=115 RES=0x00 ACK URGP=0 
Dec 14 14:13:38 icesc11 kernel: [  103.949044] [FORWARD-SIGNAL] IN=eth1 OUT=eth0 MAC=80:ee:73:52:fc:91:00:90:cc:c2:f2:1d:08:00 SRC=192.168.200.2 DST=10.10.1.2 LEN=69 TOS=0x00 PREC=0x00 TTL=63 ID=4914 DF PROTO=UDP SPT=59764 DPT=53 LEN=49 
Dec 14 14:13:38 icesc11 kernel: [  103.949072] [FORWARD-SIGNAL] IN=eth1 OUT=eth0 MAC=80:ee:73:52:fc:91:00:90:cc:c2:f2:1d:08:00 SRC=192.168.200.2 DST=10.10.1.2 LEN=66 TOS=0x00 PREC=0x00 TTL=63 ID=4914 DF PROTO=UDP SPT=48858 DPT=53 LEN=46 
Dec 14 14:13:38 icesc11 kernel: [  103.950011] [FORWARD-SIGNAL] IN=eth0 OUT=eth1 MAC=80:ee:73:52:fc:92:00:0a:85:04:91:46:08:00 SRC=10.10.1.2 DST=192.168.200.2 LEN=246 TOS=0x00 PREC=0x00 TTL=62 ID=24161 PROTO=UDP SPT=53 DPT=59764 LEN=226 
Dec 14 14:13:38 icesc11 kernel: [  103.950032] [FORWARD-SIGNAL] IN=eth0 OUT=eth1 MAC=80:ee:73:52:fc:92:00:0a:85:04:91:46:08:00 SRC=10.10.1.2 DST=192.168.200.2 LEN=254 TOS=0x00 PREC=0x00 TTL=62 ID=24162 PROTO=UDP SPT=53 DPT=48858 LEN=234 
Dec 14 14:13:38 icesc11 kernel: [  103.970321] [FORWARD-SIGNAL] IN=eth1 OUT=eth0 MAC=80:ee:73:52:fc:91:00:90:cc:c2:f2:1d:08:00 SRC=192.168.200.2 DST=216.58.199.234 LEN=60 TOS=0x00 PREC=0x00 TTL=63 ID=34478 DF PROTO=TCP SPT=36628 DPT=443 WINDOW=14600 RES=0x00 SYN URGP=0 
Dec 14 14:13:38 icesc11 kernel: [  104.064232] [FORWARD-SIGNAL] IN=eth1 OUT=eth0 MAC=80:ee:73:52:fc:91:00:90:cc:c2:f2:1d:08:00 SRC=192.168.200.2 DST=10.10.1.2 LEN=64 TOS=0x00 PREC=0x00 TTL=63 ID=5029 DF PROTO=UDP SPT=46056 DPT=53 LEN=44 
Dec 14 14:13:38 icesc11 kernel: [  104.064260] [FORWARD-SIGNAL] IN=eth1 OUT=eth0 MAC=80:ee:73:52:fc:91:00:90:cc:c2:f2:1d:08:00 SRC=192.168.200.2 DST=10.10.1.2 LEN=69 TOS=0x00 PREC=0x00 TTL=63 ID=5029 DF PROTO=UDP SPT=51509 DPT=53 LEN=49 
Dec 14 14:13:38 icesc11 kernel: [  104.064279] [FORWARD-SIGNAL] IN=eth1 OUT=eth0 MAC=80:ee:73:52:fc:91:00:90:cc:c2:f2:1d:08:00 SRC=192.168.200.2 DST=10.10.1.2 LEN=67 TOS=0x00 PREC=0x00 TTL=63 ID=5029 DF PROTO=UDP SPT=50209 DPT=53 LEN=47 
Dec 14 14:13:38 icesc11 kernel: [  104.065189] [FORWARD-SIGNAL] IN=eth0 OUT=eth1 MAC=80:ee:73:52:fc:92:00:0a:85:04:91:46:08:00 SRC=10.10.1.2 DST=192.168.200.2 LEN=241 TOS=0x00 PREC=0x00 TTL=62 ID=24163 PROTO=UDP SPT=53 DPT=46056 LEN=221 
